Component: ARM Compiler 5.06 update 1 (build 61) Tool: armlink [4d35a8]

==============================================================================

Section Cross References

    startup_stm32f10x_md.o(RESET) refers to startup_stm32f10x_md.o(STACK) for __initial_sp
    startup_stm32f10x_md.o(RESET) refers to startup_stm32f10x_md.o(.text) for Reset_Handler
    startup_stm32f10x_md.o(RESET) refers to stm32f10x_it.o(.text) for NMI_Handler
    startup_stm32f10x_md.o(.text) refers to system_stm32f10x.o(.text) for SystemInit
    startup_stm32f10x_md.o(.text) refers to entry.o(.ARM.Collect$$$$00000000) for __main
    system_stm32f10x.o(.text) refers to system_stm32f10x.o(.data) for SystemCoreClock
    stm32f10x_gpio.o(.text) refers to stm32f10x_rcc.o(.text) for RCC_APB2PeriphResetCmd
    stm32f10x_rcc.o(.text) refers to stm32f10x_rcc.o(.data) for APBAHBPrescTable
    stm32f10x_adc.o(.text) refers to stm32f10x_rcc.o(.text) for RCC_APB2PeriphResetCmd
    stm32f10x_bkp.o(.text) refers to stm32f10x_rcc.o(.text) for RCC_BackupResetCmd
    stm32f10x_can.o(.text) refers to stm32f10x_rcc.o(.text) for RCC_APB1PeriphResetCmd
    stm32f10x_cec.o(.text) refers to stm32f10x_rcc.o(.text) for RCC_APB1PeriphResetCmd
    stm32f10x_dac.o(.text) refers to stm32f10x_rcc.o(.text) for RCC_APB1PeriphResetCmd
    stm32f10x_i2c.o(.text) refers to stm32f10x_rcc.o(.text) for RCC_APB1PeriphResetCmd
    stm32f10x_pwr.o(.text) refers to stm32f10x_rcc.o(.text) for RCC_APB1PeriphResetCmd
    stm32f10x_spi.o(.text) refers to stm32f10x_rcc.o(.text) for RCC_APB2PeriphResetCmd
    stm32f10x_tim.o(.text) refers to stm32f10x_rcc.o(.text) for RCC_APB2PeriphResetCmd
    stm32f10x_usart.o(.text) refers to stm32f10x_rcc.o(.text) for RCC_APB2PeriphResetCmd
    stm32f10x_wwdg.o(.text) refers to stm32f10x_rcc.o(.text) for RCC_APB1PeriphResetCmd
    lcd.o(.text) refers to stm32f10x_gpio.o(.text) for GPIO_Init
    lcd.o(.text) refers to stm32f10x_rcc.o(.text) for RCC_APB2PeriphClockCmd
    lcd.o(.text) refers to lcd.o(.data) for dummy
    lcd.o(.text) refers to lcd.o(.constdata) for ASCII_Table
    main.o(.text) refers to systick.o(.text) for Systick_Delay_Ms
    main.o(.text) refers to led.o(.text) for LED_Init
    main.o(.text) refers to key.o(.text) for KEY_Init
    main.o(.text) refers to dht11.o(.text) for DHT11_Init
    main.o(.text) refers to i2c.o(.text) for i2c_init
    main.o(.text) refers to adc.o(.text) for Adc_Init
    main.o(.text) refers to usart.o(.text) for Usart_Init
    main.o(.text) refers to tim.o(.text) for TIM_Init
    main.o(.text) refers to 24c02.o(.text) for _24c02_Read_Temprature_Threshold
    main.o(.text) refers to lcd.o(.text) for STM3210B_LCD_Init
    main.o(.text) refers to key.o(.data) for dht11_rece_flag
    stm32f10x_it.o(.text) refers to stm32f10x_usart.o(.text) for USART_GetFlagStatus
    stm32f10x_it.o(.text) refers to strncmp.o(.text) for strncmp
    stm32f10x_it.o(.text) refers to printfa.o(i.__0printf) for __2printf
    stm32f10x_it.o(.text) refers to stm32f10x_tim.o(.text) for TIM_GetITStatus
    stm32f10x_it.o(.text) refers to stm32f10x_it.o(.data) for count
    stm32f10x_it.o(.text) refers to stm32f10x_it.o(.bss) for usart_str
    stm32f10x_it.o(.text) refers to dht11.o(.data) for send_th_flag
    stm32f10x_it.o(.text) refers to key.o(.data) for min_T
    stm32f10x_it.o(.text) refers to adc.o(.data) for time
    led.o(.text) refers to stm32f10x_rcc.o(.text) for RCC_APB2PeriphClockCmd
    led.o(.text) refers to stm32f10x_gpio.o(.text) for GPIO_Init
    key.o(.text) refers to stm32f10x_rcc.o(.text) for RCC_APB2PeriphClockCmd
    key.o(.text) refers to stm32f10x_gpio.o(.text) for GPIO_Init
    key.o(.text) refers to cdrcmple.o(.text) for __aeabi_cdrcmple
    key.o(.text) refers to led.o(.text) for LED_Control
    key.o(.text) refers to 24c02.o(.text) for _24c02_Write_Temperature
    key.o(.text) refers to dadd.o(.text) for __aeabi_dadd
    key.o(.text) refers to key.o(.data) for keydownflag
    key.o(.text) refers to adc.o(.data) for tmp_threshold1
    key.o(.text) refers to dht11.o(.data) for biubiu_flag
    key.o(.text) refers to printfa.o(i.__0sprintf) for __2sprintf
    key.o(.text) refers to lcd.o(.text) for LCD_SetTextColor
    key.o(.text) refers to key.o(.bss) for print_str
    i2c.o(.text) refers to stm32f10x_gpio.o(.text) for GPIO_Init
    i2c.o(.text) refers to stm32f10x_rcc.o(.text) for RCC_APB2PeriphClockCmd
    24c02.o(.text) refers to i2c.o(.text) for I2CStart
    24c02.o(.text) refers to dmul.o(.text) for __aeabi_dmul
    24c02.o(.text) refers to dfixui.o(.text) for __aeabi_d2uiz
    24c02.o(.text) refers to systick.o(.text) for Systick_Delay_Ms
    24c02.o(.text) refers to dflti.o(.text) for __aeabi_i2d
    24c02.o(.text) refers to ddiv.o(.text) for __aeabi_ddiv
    24c02.o(.text) refers to key.o(.data) for max_T
    24c02.o(.text) refers to adc.o(.data) for threshold1
    systick.o(.text) refers to system_stm32f10x.o(.data) for SystemCoreClock
[...]
    printf7.o(i.__0snprintf$7) refers to printf7.o(i._printf_core) for _printf_core
    printf7.o(i.__0snprintf$7) refers to printf7.o(i._snputc) for _snputc
    printf7.o(i.__0sprintf$7) refers to printf7.o(i._printf_core) for _printf_core
    printf7.o(i.__0sprintf$7) refers to printf7.o(i._sputc) for _sputc
    printf7.o(i.__0vfprintf$7) refers to printf7.o(i._printf_core) for _printf_core
    printf7.o(i.__0vfprintf$7) refers to usart.o(.text) for fputc
    printf7.o(i.__0vprintf$7) refers to printf7.o(i._printf_core) for _printf_core
    printf7.o(i.__0vprintf$7) refers to usart.o(.text) for fputc
    printf7.o(i.__0vprintf$7) refers to stdout.o(.data) for __stdout
    printf7.o(i.__0vsnprintf$7) refers to printf7.o(i._printf_core) for _printf_core
    printf7.o(i.__0vsnprintf$7) refers to printf7.o(i._snputc) for _snputc
    printf7.o(i.__0vsprintf$7) refers to printf7.o(i._printf_core) for _printf_core
    printf7.o(i.__0vsprintf$7) refers to printf7.o(i._sputc) for _sputc
    printf7.o(i._printf_core) refers to printf7.o(i._printf_pre_padding) for _printf_pre_padding
    printf7.o(i._printf_core) refers to uldiv.o(.text) for __aeabi_uldivmod
    printf7.o(i._printf_core) refers to printf7.o(i._printf_post_padding) for _printf_post_padding
    printf8.o(i.__0fprintf$8) refers to printf8.o(i._printf_core) for _printf_core
    printf8.o(i.__0fprintf$8) refers to usart.o(.text) for fputc
    printf8.o(i.__0printf$8) refers to printf8.o(i._printf_core) for _printf_core
    printf8.o(i.__0printf$8) refers to usart.o(.text) for fputc
    printf8.o(i.__0printf$8) refers to stdout.o(.data) for __stdout
    printf8.o(i.__0snprintf$8) refers to printf8.o(i._printf_core) for _printf_core
    printf8.o(i.__0snprintf$8) refers to printf8.o(i._snputc) for _snputc
    printf8.o(i.__0sprintf$8) refers to printf8.o(i._printf_core) for _printf_core
    printf8.o(i.__0sprintf$8) refers to printf8.o(i._sputc) for _sputc
    printf8.o(i.__0vfprintf$8) refers to printf8.o(i._printf_core) for _printf_core
    printf8.o(i.__0vfprintf$8) refers to usart.o(.text) for fputc
    printf8.o(i.__0vprintf$8) refers to printf8.o(i._printf_core) for _printf_core
    printf8.o(i.__0vprintf$8) refers to usart.o(.text) for fputc
    printf8.o(i.__0vprintf$8) refers to stdout.o(.data) for __stdout
    printf8.o(i.__0vsnprintf$8) refers to printf8.o(i._printf_core) for _printf_core
    printf8.o(i.__0vsnprintf$8) refers to printf8.o(i._snputc) for _snputc
    printf8.o(i.__0vsprintf$8) refers to printf8.o(i._printf_core) for _printf_core
    printf8.o(i.__0vsprintf$8) refers to printf8.o(i._sputc) for _sputc
    printf8.o(i._printf_core) refers to printf8.o(i._printf_pre_padding) for _printf_pre_padding
    printf8.o(i._printf_core) refers to uldiv.o(.text) for __aeabi_uldivmod
    printf8.o(i._printf_core) refers to printf8.o(i._printf_post_padding) for _printf_post_padding
    printfa.o(i.__0fprintf) refers (Special) to iusefp.o(.text) for __I$use$fp
    printfa.o(i.__0fprintf) refers to printfa.o(i._printf_core) for _printf_core
    printfa.o(i.__0fprintf) refers to usart.o(.text) for fputc
    printfa.o(i.__0printf) refers (Special) to iusefp.o(.text) for __I$use$fp
    printfa.o(i.__0printf) refers to printfa.o(i._printf_core) for _printf_core
    printfa.o(i.__0printf) refers to usart.o(.text) for fputc
    printfa.o(i.__0printf) refers to stdout.o(.data) for __stdout
    printfa.o(i.__0snprintf) refers (Special) to iusefp.o(.text) for __I$use$fp
    printfa.o(i.__0snprintf) refers to printfa.o(i._printf_core) for _printf_core
    printfa.o(i.__0snprintf) refers to printfa.o(i._snputc) for _snputc
    printfa.o(i.__0sprintf) refers (Special) to iusefp.o(.text) for __I$use$fp
    printfa.o(i.__0sprintf) refers to printfa.o(i._printf_core) for _printf_core
    printfa.o(i.__0sprintf) refers to printfa.o(i._sputc) for _sputc
    printfa.o(i.__0vfprintf) refers (Special) to iusefp.o(.text) for __I$use$fp
    printfa.o(i.__0vfprintf) refers to printfa.o(i._printf_core) for _printf_core
    printfa.o(i.__0vfprintf) refers to usart.o(.text) for fputc
    printfa.o(i.__0vprintf) refers (Special) to iusefp.o(.text) for __I$use$fp
    printfa.o(i.__0vprintf) refers to printfa.o(i._printf_core) for _printf_core
    printfa.o(i.__0vprintf) refers to usart.o(.text) for fputc
    printfa.o(i.__0vprintf) refers to stdout.o(.data) for __stdout
    printfa.o(i.__0vsnprintf) refers (Special) to iusefp.o(.text) for __I$use$fp
    printfa.o(i.__0vsnprintf) refers to printfa.o(i._printf_core) for _printf_core
    printfa.o(i.__0vsnprintf) refers to printfa.o(i._snputc) for _snputc
    printfa.o(i.__0vsprintf) refers (Special) to iusefp.o(.text) for __I$use$fp
    printfa.o(i.__0vsprintf) refers to printfa.o(i._printf_core) for _printf_core
    printfa.o(i.__0vsprintf) refers to printfa.o(i._sputc) for _sputc
    printfa.o(i._fp_digits) refers (Special) to iusefp.o(.text) for __I$use$fp
    printfa.o(i._fp_digits) refers to dmul.o(.text) for __aeabi_dmul
    printfa.o(i._fp_digits) refers to ddiv.o(.text) for __aeabi_ddiv
    printfa.o(i._fp_digits) refers to cdrcmple.o(.text) for __aeabi_cdrcmple
    printfa.o(i._fp_digits) refers to dadd.o(.text) for __aeabi_dadd
    printfa.o(i._fp_digits) refers to dfixul.o(.text) for __aeabi_d2ulz
    printfa.o(i._fp_digits) refers to uldiv.o(.text) for __aeabi_uldivmod
    printfa.o(i._printf_core) refers (Special) to iusefp.o(.text) for __I$use$fp
    printfa.o(i._printf_core) refers to printfa.o(i._printf_pre_padding) for _printf_pre_padding
    printfa.o(i._printf_core) refers to uldiv.o(.text) for __aeabi_uldivmod
    printfa.o(i._printf_core) refers to printfa.o(i._printf_post_padding) for _printf_post_padding
    printfa.o(i._printf_core) refers to printfa.o(i._fp_digits) for _fp_digits
    printfa.o(i._printf_core) refers to uidiv.o(.text) for __aeabi_uidivmod
    printfa.o(i._printf_post_padding) refers (Special) to iusefp.o(.text) for __I$use$fp
    printfa.o(i._printf_pre_padding) refers (Special) to iusefp.o(.text) for __I$use$fp
    printfa.o(i._snputc) refers (Special) to iusefp.o(.text) for __I$use$fp
    printfa.o(i._sputc) refers (Special) to iusefp.o(.text) for __I$use$fp
    dadd.o(.text) refers (Special) to iusefp.o(.text) for __I$use$fp
    dadd.o(.text) refers to llshl.o(.text) for __aeabi_llsl
    dadd.o(.text) refers to llsshr.o(.text) for __aeabi_lasr
    dadd.o(.text) refers to depilogue.o(.text) for _double_epilogue
    dmul.o(.text) refers (Special) to iusefp.o(.text) for __I$use$fp
    dmul.o(.text) refers to depilogue.o(.text) for _double_epilogue
    ddiv.o(.text) refers (Special) to iusefp.o(.text) for __I$use$fp
    ddiv.o(.text) refers to depilogue.o(.text) for _double_round
    dflti.o(.text) refers (Special) to iusefp.o(.text) for __I$use$fp
    dflti.o(.text) refers to depilogue.o(.text) for _double_epilogue
    dfltui.o(.text) refers (Special) to iusefp.o(.text) for __I$use$fp
    dfltui.o(.text) refers to depilogue.o(.text) for _double_epilogue
    dfixui.o(.text) refers (Special) to iusefp.o(.text) for __I$use$fp
    dfixui.o(.text) refers to llushr.o(.text) for __aeabi_llsr
    cdcmple.o(.text) refers (Special) to iusefp.o(.text) for __I$use$fp
    cdrcmple.o(.text) refers (Special) to iusefp.o(.text) for __I$use$fp
    entry2.o(.ARM.Collect$$$$00000001) refers to entry2.o(.ARM.Collect$$$$00002712) for __lit__00000000
    entry2.o(.ARM.Collect$$$$00002712) refers to startup_stm32f10x_md.o(STACK) for __initial_sp
    entry2.o(__vectab_stack_and_reset_area) refers to startup_stm32f10x_md.o(STACK) for __initial_sp
    entry2.o(__vectab_stack_and_reset_area) refers to entry.o(.ARM.Collect$$$$00000000) for __main
    entry5.o(.ARM.Collect$$$$00000004) refers to init.o(.text) for __scatterload
    entry9a.o(.ARM.Collect$$$$0000000B) refers to main.o(.text) for main
    entry9b.o(.ARM.Collect$$$$0000000C) refers to main.o(.text) for main
    uldiv.o(.text) refers to llushr.o(.text) for __aeabi_llsr
    uldiv.o(.text) refers to llshl.o(.text) for __aeabi_llsl
    depilogue.o(.text) refers to llshl.o(.text) for __aeabi_llsl
    depilogue.o(.text) refers to llushr.o(.text) for __aeabi_llsr
    dfixul.o(.text) refers to llushr.o(.text) for __aeabi_llsr
    dfixul.o(.text) refers to llshl.o(.text) for __aeabi_llsl
    init.o(.text) refers to entry5.o(.ARM.Collect$$$$00000004) for __main_after_scatterload


==============================================================================

Removing Unused input sections from the image.

    Removing startup_stm32f10x_md.o(HEAP), (512 bytes).
    Removing core_cm3.o(.emb_text), (32 bytes).
    Removing system_stm32f10x.o(.rev16_text), (4 bytes).
    Removing system_stm32f10x.o(.revsh_text), (4 bytes).
    Removing stm32f10x_gpio.o(.rev16_text), (4 bytes).
    Removing stm32f10x_gpio.o(.revsh_text), (4 bytes).
    Removing stm32f10x_rcc.o(.rev16_text), (4 bytes).
    Removing stm32f10x_rcc.o(.revsh_text), (4 bytes).
    Removing misc.o(.rev16_text), (4 bytes).
    Removing misc.o(.revsh_text), (4 bytes).
    Removing stm32f10x_adc.o(.rev16_text), (4 bytes).
    Removing stm32f10x_adc.o(.revsh_text), (4 bytes).
    Removing stm32f10x_bkp.o(.rev16_text), (4 bytes).
    Removing stm32f10x_bkp.o(.revsh_text), (4 bytes).
    Removing stm32f10x_bkp.o(.text), (196 bytes).
    Removing stm32f10x_can.o(.rev16_text), (4 bytes).
    Removing stm32f10x_can.o(.revsh_text), (4 bytes).
    Removing stm32f10x_can.o(.text), (2544 bytes).
    Removing stm32f10x_cec.o(.rev16_text), (4 bytes).
    Removing stm32f10x_cec.o(.revsh_text), (4 bytes).
    Removing stm32f10x_cec.o(.text), (288 bytes).
    Removing stm32f10x_crc.o(.rev16_text), (4 bytes).
    Removing stm32f10x_crc.o(.revsh_text), (4 bytes).
    Removing stm32f10x_crc.o(.text), (72 bytes).
    Removing stm32f10x_dac.o(.rev16_text), (4 bytes).
    Removing stm32f10x_dac.o(.revsh_text), (4 bytes).
    Removing stm32f10x_dac.o(.text), (396 bytes).
    Removing stm32f10x_dbgmcu.o(.rev16_text), (4 bytes).
    Removing stm32f10x_dbgmcu.o(.revsh_text), (4 bytes).
    Removing stm32f10x_dbgmcu.o(.text), (48 bytes).
    Removing stm32f10x_dma.o(.rev16_text), (4 bytes).
    Removing stm32f10x_dma.o(.revsh_text), (4 bytes).
    Removing stm32f10x_dma.o(.text), (596 bytes).
    Removing stm32f10x_exti.o(.rev16_text), (4 bytes).
    Removing stm32f10x_exti.o(.revsh_text), (4 bytes).
    Removing stm32f10x_exti.o(.text), (284 bytes).
    Removing stm32f10x_flash.o(.rev16_text), (4 bytes).
    Removing stm32f10x_flash.o(.revsh_text), (4 bytes).
    Removing stm32f10x_flash.o(.text), (1468 bytes).
    Removing stm32f10x_fsmc.o(.rev16_text), (4 bytes).
    Removing stm32f10x_fsmc.o(.revsh_text), (4 bytes).
    Removing stm32f10x_fsmc.o(.text), (1548 bytes).
    Removing stm32f10x_i2c.o(.rev16_text), (4 bytes).
    Removing stm32f10x_i2c.o(.revsh_text), (4 bytes).
    Removing stm32f10x_i2c.o(.text), (1028 bytes).
    Removing stm32f10x_iwdg.o(.rev16_text), (4 bytes).
    Removing stm32f10x_iwdg.o(.revsh_text), (4 bytes).
    Removing stm32f10x_iwdg.o(.text), (64 bytes).
    Removing stm32f10x_pwr.o(.rev16_text), (4 bytes).
    Removing stm32f10x_pwr.o(.revsh_text), (4 bytes).
    Removing stm32f10x_pwr.o(.text), (204 bytes).
    Removing stm32f10x_rtc.o(.rev16_text), (4 bytes).
    Removing stm32f10x_rtc.o(.revsh_text), (4 bytes).
    Removing stm32f10x_rtc.o(.text), (328 bytes).
    Removing stm32f10x_sdio.o(.rev16_text), (4 bytes).
    Removing stm32f10x_sdio.o(.revsh_text), (4 bytes).
    Removing stm32f10x_sdio.o(.text), (468 bytes).
    Removing stm32f10x_spi.o(.rev16_text), (4 bytes).
    Removing stm32f10x_spi.o(.revsh_text), (4 bytes).
    Removing stm32f10x_spi.o(.text), (780 bytes).
    Removing stm32f10x_tim.o(.rev16_text), (4 bytes).
    Removing stm32f10x_tim.o(.revsh_text), (4 bytes).
    Removing stm32f10x_usart.o(.rev16_text), (4 bytes).
    Removing stm32f10x_usart.o(.revsh_text), (4 bytes).
    Removing stm32f10x_wwdg.o(.rev16_text), (4 bytes).
    Removing stm32f10x_wwdg.o(.revsh_text), (4 bytes).
    Removing stm32f10x_wwdg.o(.text), (136 bytes).
    Removing lcd.o(.rev16_text), (4 bytes).
    Removing lcd.o(.revsh_text), (4 bytes).
    Removing main.o(.rev16_text), (4 bytes).
    Removing main.o(.revsh_text), (4 bytes).
    Removing stm32f10x_it.o(.rev16_text), (4 bytes).
    Removing stm32f10x_it.o(.revsh_text), (4 bytes).
    Removing led.o(.rev16_text), (4 bytes).
    Removing led.o(.revsh_text), (4 bytes).
    Removing key.o(.rev16_text), (4 bytes).
    Removing key.o(.revsh_text), (4 bytes).
    Removing i2c.o(.rev16_text), (4 bytes).
    Removing i2c.o(.revsh_text), (4 bytes).
    Removing 24c02.o(.rev16_text), (4 bytes).
    Removing 24c02.o(.revsh_text), (4 bytes).
    Removing systick.o(.rev16_text), (4 bytes).
    Removing systick.o(.revsh_text), (4 bytes).
    Removing adc.o(.rev16_text), (4 bytes).
    Removing adc.o(.revsh_text), (4 bytes).
    Removing usart.o(.rev16_text), (4 bytes).
    Removing usart.o(.revsh_text), (4 bytes).
    Removing dht11.o(.rev16_text), (4 bytes).
    Removing dht11.o(.revsh_text), (4 bytes).
    Removing tim.o(.rev16_text), (4 bytes).
    Removing tim.o(.revsh_text), (4 bytes).

91 unused section(s) (total 11280 bytes) removed from the image.

==============================================================================

Image Symbol Table

    Local Symbols

    Symbol Name                              Value     Ov Type        Size  Object(Section)

    ../clib/microlib/division.c              0x00000000   Number         0  uldiv.o ABSOLUTE
    ../clib/microlib/division.c              0x00000000   Number         0  uidiv.o ABSOLUTE
    ../clib/microlib/init/entry.s            0x00000000   Number         0  entry11b.o ABSOLUTE
    ../clib/microlib/init/entry.s            0x00000000   Number         0  entry10b.o ABSOLUTE
    ../clib/microlib/init/entry.s            0x00000000   Number         0  entry10a.o ABSOLUTE
    ../clib/microlib/init/entry.s            0x00000000   Number         0  entry11a.o ABSOLUTE
    ../clib/microlib/init/entry.s            0x00000000   Number         0  entry9b.o ABSOLUTE
    ../clib/microlib/init/entry.s            0x00000000   Number         0  entry.o ABSOLUTE
    ../clib/microlib/init/entry.s            0x00000000   Number         0  entry7b.o ABSOLUTE
    ../clib/microlib/init/entry.s            0x00000000   Number         0  entry8b.o ABSOLUTE
    ../clib/microlib/init/entry.s            0x00000000   Number         0  entry7a.o ABSOLUTE
    ../clib/microlib/init/entry.s            0x00000000   Number         0  entry9a.o ABSOLUTE
    ../clib/microlib/init/entry.s            0x00000000   Number         0  entry2.o ABSOLUTE
    ../clib/microlib/init/entry.s            0x00000000   Number         0  entry5.o ABSOLUTE
    ../clib/microlib/init/entry.s            0x00000000   Number         0  entry8a.o ABSOLUTE
    ../clib/microlib/longlong.c              0x00000000   Number         0  llshl.o ABSOLUTE
    ../clib/microlib/longlong.c              0x00000000   Number         0  llsshr.o ABSOLUTE
    ../clib/microlib/longlong.c              0x00000000   Number         0  llushr.o ABSOLUTE
    ../clib/microlib/printf/printf.c         0x00000000   Number         0  printf1.o ABSOLUTE
    ../clib/microlib/printf/printf.c         0x00000000   Number         0  printf0.o ABSOLUTE
    ../clib/microlib/printf/printf.c         0x00000000   Number         0  printfb.o ABSOLUTE
    ../clib/microlib/printf/printf.c         0x00000000   Number         0  printf3.o ABSOLUTE
    ../clib/microlib/printf/printf.c         0x00000000   Number         0  printf5.o ABSOLUTE
    ../clib/microlib/printf/printf.c         0x00000000   Number         0  printfa.o ABSOLUTE
    ../clib/microlib/printf/printf.c         0x00000000   Number         0  printf2.o ABSOLUTE
    ../clib/microlib/printf/printf.c         0x00000000   Number         0  printf8.o ABSOLUTE
    ../clib/microlib/printf/printf.c         0x00000000   Number         0  printf7.o ABSOLUTE
    ../clib/microlib/printf/printf.c         0x00000000   Number         0  printf6.o ABSOLUTE
    ../clib/microlib/printf/printf.c         0x00000000   Number         0  printf4.o ABSOLUTE
    ../clib/microlib/printf/stubs.s          0x00000000   Number         0  stubs.o ABSOLUTE
    ../clib/microlib/stdio/streams.c         0x00000000   Number         0  stdout.o ABSOLUTE
    ../clib/microlib/string/strncmp.c        0x00000000   Number         0  strncmp.o ABSOLUTE
    ../clib/microlib/stubs.s                 0x00000000   Number         0  iusefp.o ABSOLUTE
    ../fplib/microlib/fpadd.c                0x00000000   Number         0  dadd.o ABSOLUTE
    ../fplib/microlib/fpdiv.c                0x00000000   Number         0  ddiv.o ABSOLUTE
    ../fplib/microlib/fpepilogue.c           0x00000000   Number         0  depilogue.o ABSOLUTE
    ../fplib/microlib/fpfix.c                0x00000000   Number         0  dfixui.o ABSOLUTE
    ../fplib/microlib/fpfix.c                0x00000000   Number         0  dfixul.o ABSOLUTE
    ../fplib/microlib/fpflt.c                0x00000000   Number         0  dfltui.o ABSOLUTE
    ../fplib/microlib/fpflt.c                0x00000000   Number         0  dflti.o ABSOLUTE
    ../fplib/microlib/fpmul.c                0x00000000   Number         0  dmul.o ABSOLUTE
    ..\Libraries\CMSIS\CM3\CoreSupport\core_cm3.c 0x00000000   Number         0  core_cm3.o ABSOLUTE
    ..\Libraries\CMSIS\CM3\DeviceSupport\ST\STM32F10x\startup\arm\startup_stm32f10x_md.s 0x00000000   Number         0  startup_stm32f10x_md.o ABSOLUTE
    ..\Libraries\CMSIS\CM3\DeviceSupport\ST\STM32F10x\system_stm32f10x.c 0x00000000   Number         0  system_stm32f10x.o ABSOLUTE
    ..\Libraries\STM32F10x_StdPeriph_Driver\src\misc.c 0x00000000   Number         0  misc.o ABSOLUTE
    ..\Libraries\STM32F10x_StdPeriph_Driver\src\stm32f10x_adc.c 0x00000000   Number         0  stm32f10x_adc.o ABSOLUTE
    ..\Libraries\STM32F10x_StdPeriph_Driver\src\stm32f10x_bkp.c 0x00000000   Number         0  stm32f10x_bkp.o ABSOLUTE
    ..\Libraries\STM32F10x_StdPeriph_Driver\src\stm32f10x_can.c 0x00000000   Number         0  stm32f10x_can.o ABSOLUTE
    ..\Libraries\STM32F10x_StdPeriph_Driver\src\stm32f10x_cec.c 0x00000000   Number         0  stm32f10x_cec.o ABSOLUTE
    ..\Libraries\STM32F10x_StdPeriph_Driver\src\stm32f10x_crc.c 0x00000000   Number         0  stm32f10x_crc.o ABSOLUTE
    ..\Libraries\STM32F10x_StdPeriph_Driver\src\stm32f10x_dac.c 0x00000000   Number         0  stm32f10x_dac.o ABSOLUTE
    ..\Libraries\STM32F10x_StdPeriph_Driver\src\stm32f10x_dbgmcu.c 0x00000000   Number         0  stm32f10x_dbgmcu.o ABSOLUTE
    ..\Libraries\STM32F10x_StdPeriph_Driver\src\stm32f10x_dma.c 0x00000000   Number         0  stm32f10x_dma.o ABSOLUTE
    ..\Libraries\STM32F10x_StdPeriph_Driver\src\stm32f10x_exti.c 0x00000000   Number         0  stm32f10x_exti.o ABSOLUTE
    ..\Libraries\STM32F10x_StdPeriph_Driver\src\stm32f10x_flash.c 0x00000000   Number         0  stm32f10x_flash.o ABSOLUTE
    ..\Libraries\STM32F10x_StdPeriph_Driver\src\stm32f10x_fsmc.c 0x00000000   Number         0  stm32f10x_fsmc.o ABSOLUTE
    ..\Libraries\STM32F10x_StdPeriph_Driver\src\stm32f10x_gpio.c 0x00000000   Number         0  stm32f10x_gpio.o ABSOLUTE
    ..\Libraries\STM32F10x_StdPeriph_Driver\src\stm32f10x_i2c.c 0x00000000   Number         0  stm32f10x_i2c.o ABSOLUTE
    ..\Libraries\STM32F10x_StdPeriph_Driver\src\stm32f10x_iwdg.c 0x00000000   Number         0  stm32f10x_iwdg.o ABSOLUTE
    ..\Libraries\STM32F10x_StdPeriph_Driver\src\stm32f10x_pwr.c 0x00000000   Number         0  stm32f10x_pwr.o ABSOLUTE
    ..\Libraries\STM32F10x_StdPeriph_Driver\src\stm32f10x_rcc.c 0x00000000   Number         0  stm32f10x_rcc.o ABSOLUTE
    ..\Libraries\STM32F10x_StdPeriph_Driver\src\stm32f10x_rtc.c 0x00000000   Number         0  stm32f10x_rtc.o ABSOLUTE
    ..\Libraries\STM32F10x_StdPeriph_Driver\src\stm32f10x_sdio.c 0x00000000   Number         0  stm32f10x_sdio.o ABSOLUTE
    ..\Libraries\STM32F10x_StdPeriph_Driver\src\stm32f10x_spi.c 0x00000000   Number         0  stm32f10x_spi.o ABSOLUTE
    ..\Libraries\STM32F10x_StdPeriph_Driver\src\stm32f10x_tim.c 0x00000000   Number         0  stm32f10x_tim.o ABSOLUTE
    ..\Libraries\STM32F10x_StdPeriph_Driver\src\stm32f10x_usart.c 0x00000000   Number         0  stm32f10x_usart.o ABSOLUTE
    ..\Libraries\STM32F10x_StdPeriph_Driver\src\stm32f10x_wwdg.c 0x00000000   Number         0  stm32f10x_wwdg.o ABSOLUTE
    ..\Sre\24c02.c                           0x00000000   Number         0  24c02.o ABSOLUTE
    ..\Sre\adc.c                             0x00000000   Number         0  adc.o ABSOLUTE
    ..\Sre\dht11.c                           0x00000000   Number         0  dht11.o ABSOLUTE
    ..\Sre\i2c.c                             0x00000000   Number         0  i2c.o ABSOLUTE
    ..\Sre\key.c                             0x00000000   Number         0  key.o ABSOLUTE
    ..\Sre\lcd.c                             0x00000000   Number         0  lcd.o ABSOLUTE
    ..\Sre\led.c                             0x00000000   Number         0  led.o ABSOLUTE
    ..\Sre\main.c                            0x00000000   Number         0  main.o ABSOLUTE
    ..\Sre\stm32f10x_it.c                    0x00000000   Number         0  stm32f10x_it.o ABSOLUTE
    ..\Sre\systick.c                         0x00000000   Number         0  systick.o ABSOLUTE
    ..\Sre\tim.c                             0x00000000   Number         0  tim.o ABSOLUTE
    ..\Sre\usart.c                           0x00000000   Number         0  usart.o ABSOLUTE
    ..\\Libraries\\CMSIS\\CM3\\CoreSupport\\core_cm3.c 0x00000000   Number         0  core_cm3.o ABSOLUTE
    ..\\Libraries\\CMSIS\\CM3\\DeviceSupport\\ST\\STM32F10x\\system_stm32f10x.c 0x00000000   Number         0  system_stm32f10x.o ABSOLUTE
    ..\\Libraries\\STM32F10x_StdPeriph_Driver\\src\\misc.c 0x00000000   Number         0  misc.o ABSOLUTE
    ..\\Libraries\\STM32F10x_StdPeriph_Driver\\src\\stm32f10x_adc.c 0x00000000   Number         0  stm32f10x_adc.o ABSOLUTE
    ..\\Libraries\\STM32F10x_StdPeriph_Driver\\src\\stm32f10x_bkp.c 0x00000000   Number         0  stm32f10x_bkp.o ABSOLUTE
    ..\\Libraries\\STM32F10x_StdPeriph_Driver\\src\\stm32f10x_can.c 0x00000000   Number         0  stm32f10x_can.o ABSOLUTE
    ..\\Libraries\\STM32F10x_StdPeriph_Driver\\src\\stm32f10x_cec.c 0x00000000   Number         0  stm32f10x_cec.o ABSOLUTE
    ..\\Libraries\\STM32F10x_StdPeriph_Driver\\src\\stm32f10x_crc.c 0x00000000   Number         0  stm32f10x_crc.o ABSOLUTE
    ..\\Libraries\\STM32F10x_StdPeriph_Driver\\src\\stm32f10x_dac.c 0x00000000   Number         0  stm32f10x_dac.o ABSOLUTE
    ..\\Libraries\\STM32F10x_StdPeriph_Driver\\src\\stm32f10x_dbgmcu.c 0x00000000   Number         0  stm32f10x_dbgmcu.o ABSOLUTE
    ..\\Libraries\\STM32F10x_StdPeriph_Driver\\src\\stm32f10x_dma.c 0x00000000   Number         0  stm32f10x_dma.o ABSOLUTE
    ..\\Libraries\\STM32F10x_StdPeriph_Driver\\src\\stm32f10x_exti.c 0x00000000   Number         0  stm32f10x_exti.o ABSOLUTE
    ..\\Libraries\\STM32F10x_StdPeriph_Driver\\src\\stm32f10x_flash.c 0x00000000   Number         0  stm32f10x_flash.o ABSOLUTE
    ..\\Libraries\\STM32F10x_StdPeriph_Driver\\src\\stm32f10x_fsmc.c 0x00000000   Number         0  stm32f10x_fsmc.o ABSOLUTE
    ..\\Libraries\\STM32F10x_StdPeriph_Driver\\src\\stm32f10x_gpio.c 0x00000000   Number         0  stm32f10x_gpio.o ABSOLUTE
    ..\\Libraries\\STM32F10x_StdPeriph_Driver\\src\\stm32f10x_i2c.c 0x00000000   Number         0  stm32f10x_i2c.o ABSOLUTE
    ..\\Libraries\\STM32F10x_StdPeriph_Driver\\src\\stm32f10x_iwdg.c 0x00000000   Number         0  stm32f10x_iwdg.o ABSOLUTE
    ..\\Libraries\\STM32F10x_StdPeriph_Driver\\src\\stm32f10x_pwr.c 0x00000000   Number         0  stm32f10x_pwr.o ABSOLUTE
    ..\\Libraries\\STM32F10x_StdPeriph_Driver\\src\\stm32f10x_rcc.c 0x00000000   Number         0  stm32f10x_rcc.o ABSOLUTE
    ..\\Libraries\\STM32F10x_StdPeriph_Driver\\src\\stm32f10x_rtc.c 0x00000000   Number         0  stm32f10x_rtc.o ABSOLUTE
    ..\\Libraries\\STM32F10x_StdPeriph_Driver\\src\\stm32f10x_sdio.c 0x00000000   Number         0  stm32f10x_sdio.o ABSOLUTE
    ..\\Libraries\\STM32F10x_StdPeriph_Driver\\src\\stm32f10x_spi.c 0x00000000   Number         0  stm32f10x_spi.o ABSOLUTE
    ..\\Libraries\\STM32F10x_StdPeriph_Driver\\src\\stm32f10x_tim.c 0x00000000   Number         0  stm32f10x_tim.o ABSOLUTE
    ..\\Libraries\\STM32F10x_StdPeriph_Driver\\src\\stm32f10x_usart.c 0x00000000   Number         0  stm32f10x_usart.o ABSOLUTE
    ..\\Libraries\\STM32F10x_StdPeriph_Driver\\src\\stm32f10x_wwdg.c 0x00000000   Number         0  stm32f10x_wwdg.o ABSOLUTE
    ..\\Sre\\24c02.c                         0x00000000   Number         0  24c02.o ABSOLUTE
    ..\\Sre\\adc.c                           0x00000000   Number         0  adc.o ABSOLUTE
    ..\\Sre\\dht11.c                         0x00000000   Number         0  dht11.o ABSOLUTE
    ..\\Sre\\i2c.c                           0x00000000   Number         0  i2c.o ABSOLUTE
    ..\\Sre\\key.c                           0x00000000   Number         0  key.o ABSOLUTE
    ..\\Sre\\lcd.c                           0x00000000   Number         0  lcd.o ABSOLUTE
    ..\\Sre\\led.c                           0x00000000   Number         0  led.o ABSOLUTE
    ..\\Sre\\main.c                          0x00000000   Number         0  main.o ABSOLUTE
    ..\\Sre\\stm32f10x_it.c                  0x00000000   Number         0  stm32f10x_it.o ABSOLUTE
    ..\\Sre\\systick.c                       0x00000000   Number         0  systick.o ABSOLUTE
    ..\\Sre\\tim.c                           0x00000000   Number         0  tim.o ABSOLUTE
    ..\\Sre\\usart.c                         0x00000000   Number         0  usart.o ABSOLUTE
    cdcmple.s                                0x00000000   Number         0  cdcmple.o ABSOLUTE
    cdrcmple.s                               0x00000000   Number         0  cdrcmple.o ABSOLUTE
    dc.s                                     0x00000000   Number         0  dc.o ABSOLUTE
    handlers.s                               0x00000000   Number         0  handlers.o ABSOLUTE
    init.s                                   0x00000000   Number         0  init.o ABSOLUTE
    RESET                                    0x08000000   Section      236  startup_stm32f10x_md.o(RESET)
    .ARM.Collect$$$$00000000                 0x080000ec   Section        0  entry.o(.ARM.Collect$$$$00000000)
    .ARM.Collect$$$$00000001                 0x080000ec   Section        4  entry2.o(.ARM.Collect$$$$00000001)
    .ARM.Collect$$$$00000004                 0x080000f0   Section        4  entry5.o(.ARM.Collect$$$$00000004)
    .ARM.Collect$$$$00000008                 0x080000f4   Section        0  entry7b.o(.ARM.Collect$$$$00000008)
    .ARM.Collect$$$$0000000A                 0x080000f4   Section        0  entry8b.o(.ARM.Collect$$$$0000000A)
    .ARM.Collect$$$$0000000B                 0x080000f4   Section        8  entry9a.o(.ARM.Collect$$$$0000000B)
    .ARM.Collect$$$$0000000D                 0x080000fc   Section        0  entry10a.o(.ARM.Collect$$$$0000000D)
    .ARM.Collect$$$$0000000F                 0x080000fc   Section        0  entry11a.o(.ARM.Collect$$$$0000000F)
    .ARM.Collect$$$$00002712                 0x080000fc   Section        4  entry2.o(.ARM.Collect$$$$00002712)
    __lit__00000000                          0x080000fc   Data           4  entry2.o(.ARM.Collect$$$$00002712)
    .text                                    0x08000100   Section       36  startup_stm32f10x_md.o(.text)
    .text                                    0x08000124   Section        0  system_stm32f10x.o(.text)
    SetSysClockTo72                          0x08000125   Thumb Code   214  system_stm32f10x.o(.text)
    SetSysClock                              0x080001fb   Thumb Code     8  system_stm32f10x.o(.text)
    .text                                    0x08000304   Section        0  stm32f10x_gpio.o(.text)
    .text                                    0x08000660   Section        0  stm32f10x_rcc.o(.text)
    .text                                    0x08000a04   Section        0  misc.o(.text)
    .text                                    0x08000ae0   Section        0  stm32f10x_adc.o(.text)
    .text                                    0x08000f30   Section        0  stm32f10x_tim.o(.text)
    TI4_Config                               0x080013d7   Thumb Code   130  stm32f10x_tim.o(.text)
    TI3_Config                               0x0800146b   Thumb Code   122  stm32f10x_tim.o(.text)
    TI2_Config                               0x080014ff   Thumb Code   130  stm32f10x_tim.o(.text)
    TI1_Config                               0x08001593   Thumb Code   108  stm32f10x_tim.o(.text)
    .text                                    0x08001d4c   Section        0  stm32f10x_usart.o(.text)
    .text                                    0x08002154   Section        0  lcd.o(.text)
    .text                                    0x08002b58   Section        0  main.o(.text)
    .text                                    0x08002bc8   Section        0  stm32f10x_it.o(.text)
    .text                                    0x08002d68   Section        0  led.o(.text)
    .text                                    0x08002e00   Section        0  key.o(.text)
    .text                                    0x08003720   Section        0  i2c.o(.text)
    .text                                    0x080039b8   Section        0  24c02.o(.text)
    .text                                    0x08003dc4   Section        0  systick.o(.text)
    .text                                    0x08003e98   Section        0  adc.o(.text)
    .text                                    0x080040a0   Section        0  usart.o(.text)
    .text                                    0x080041d0   Section        0  dht11.o(.text)
    .text                                    0x080044d4   Section        0  tim.o(.text)
    .text                                    0x08004544   Section        0  strncmp.o(.text)
    .text                                    0x08004562   Section        0  dadd.o(.text)
    .text                                    0x080046b0   Section        0  dmul.o(.text)
    .text                                    0x08004794   Section        0  ddiv.o(.text)
    .text                                    0x08004872   Section        0  dflti.o(.text)
    .text                                    0x08004894   Section        0  dfltui.o(.text)
    .text                                    0x080048ae   Section        0  dfixui.o(.text)
    .text                                    0x080048e0   Section       48  cdcmple.o(.text)
    .text                                    0x08004910   Section       48  cdrcmple.o(.text)
    .text                                    0x08004940   Section        0  uidiv.o(.text)
    .text                                    0x0800496c   Section        0  uldiv.o(.text)
    .text                                    0x080049ce   Section        0  llshl.o(.text)
    .text                                    0x080049ec   Section        0  llushr.o(.text)
    .text                                    0x08004a0c   Section        0  llsshr.o(.text)
    .text                                    0x08004a30   Section        0  depilogue.o(.text)
    .text                                    0x08004a30   Section        0  iusefp.o(.text)
    .text                                    0x08004aea   Section        0  dfixul.o(.text)
    .text                                    0x08004b1c   Section       36  init.o(.text)
    i.__0printf                              0x08004b40   Section        0  printfa.o(i.__0printf)
    i.__0sprintf                             0x08004b60   Section        0  printfa.o(i.__0sprintf)
    i.__scatterload_copy                     0x08004b88   Section       14  handlers.o(i.__scatterload_copy)
    i.__scatterload_null                     0x08004b96   Section        2  handlers.o(i.__scatterload_null)
    i.__scatterload_zeroinit                 0x08004b98   Section       14  handlers.o(i.__scatterload_zeroinit)
    i._fp_digits                             0x08004ba8   Section        0  printfa.o(i._fp_digits)
    _fp_digits                               0x08004ba9   Thumb Code   334  printfa.o(i._fp_digits)
    i._printf_core                           0x08004d0c   Section        0  printfa.o(i._printf_core)
    _printf_core                             0x08004d0d   Thumb Code  1744  printfa.o(i._printf_core)
    i._printf_post_padding                   0x080053e8   Section        0  printfa.o(i._printf_post_padding)
    _printf_post_padding                     0x080053e9   Thumb Code    36  printfa.o(i._printf_post_padding)
    i._printf_pre_padding                    0x0800540c   Section        0  printfa.o(i._printf_pre_padding)
    _printf_pre_padding                      0x0800540d   Thumb Code    46  printfa.o(i._printf_pre_padding)
    i._sputc                                 0x0800543a   Section        0  printfa.o(i._sputc)
    _sputc                                   0x0800543b   Thumb Code    10  printfa.o(i._sputc)
    .constdata                               0x08005444   Section     4560  lcd.o(.constdata)
    .data                                    0x20000000   Section       20  system_stm32f10x.o(.data)
    .data                                    0x20000014   Section       20  stm32f10x_rcc.o(.data)
    APBAHBPrescTable                         0x20000014   Data          16  stm32f10x_rcc.o(.data)
    ADCPrescTable                            0x20000024   Data           4  stm32f10x_rcc.o(.data)
    .data                                    0x20000028   Section        6  lcd.o(.data)
    TextColor                                0x20000028   Data           2  lcd.o(.data)
    BackColor                                0x2000002a   Data           2  lcd.o(.data)
    .data                                    0x2000002e   Section        1  stm32f10x_it.o(.data)
    count                                    0x2000002e   Data           1  stm32f10x_it.o(.data)
    .data                                    0x20000030   Section       42  key.o(.data)
    keydownflag                              0x20000059   Data           1  key.o(.data)
    .data                                    0x20000060   Section       40  adc.o(.data)
    .data                                    0x20000088   Section       23  dht11.o(.data)
    .data                                    0x200000a0   Section        4  stdout.o(.data)
    .bss                                     0x200000a4   Section       50  stm32f10x_it.o(.bss)
    .bss                                     0x200000d6   Section      100  key.o(.bss)
    STACK                                    0x20000140   Section     1024  startup_stm32f10x_md.o(STACK)

    Global Symbols

    Symbol Name                              Value     Ov Type        Size  Object(Section)

    BuildAttributes$$THM_ISAv4$P$D$K$B$S$PE$A:L22UL41UL21$X:L11$S22US41US21$IEEE1$IW$USESV6$~STKCKD$USESV7$~SHL$OSPACE$ROPI$EBA8$MICROLIB$REQ8$PRES8$EABIv2 0x00000000   Number         0  anon$$obj.o ABSOLUTE
    __ARM_use_no_argv                        0x00000000   Number         0  main.o ABSOLUTE
    _printf_a                                0x00000000   Number         0  stubs.o ABSOLUTE
    _printf_c                                0x00000000   Number         0  stubs.o ABSOLUTE
    _printf_charcount                        0x00000000   Number         0  stubs.o ABSOLUTE
    _printf_d                                0x00000000   Number         0  stubs.o ABSOLUTE
    _printf_e                                0x00000000   Number         0  stubs.o ABSOLUTE
    _printf_f                                0x00000000   Number         0  stubs.o ABSOLUTE
    _printf_flags                            0x00000000   Number         0  stubs.o ABSOLUTE
    _printf_fp_dec                           0x00000000   Number         0  stubs.o ABSOLUTE
    _printf_fp_hex                           0x00000000   Number         0  stubs.o ABSOLUTE
    _printf_g                                0x00000000   Number         0  stubs.o ABSOLUTE
    _printf_i                                0x00000000   Number         0  stubs.o ABSOLUTE
    _printf_int_dec                          0x00000000   Number         0  stubs.o ABSOLUTE
    _printf_l                                0x00000000   Number         0  stubs.o ABSOLUTE
    _printf_lc                               0x00000000   Number         0  stubs.o ABSOLUTE
    _printf_ll                               0x00000000   Number         0  stubs.o ABSOLUTE
    _printf_lld                              0x00000000   Number         0  stubs.o ABSOLUTE
    _printf_lli                              0x00000000   Number         0  stubs.o ABSOLUTE
    _printf_llo                              0x00000000   Number         0  stubs.o ABSOLUTE
    _printf_llu                              0x00000000   Number         0  stubs.o ABSOLUTE
    _printf_llx                              0x00000000   Number         0  stubs.o ABSOLUTE
    _printf_longlong_dec                     0x00000000   Number         0  stubs.o ABSOLUTE
    _printf_longlong_hex                     0x00000000   Number         0  stubs.o ABSOLUTE
    _printf_longlong_oct                     0x00000000   Number         0  stubs.o ABSOLUTE
    _printf_ls                               0x00000000   Number         0  stubs.o ABSOLUTE
    _printf_mbtowc                           0x00000000   Number         0  stubs.o ABSOLUTE
    _printf_n                                0x00000000   Number         0  stubs.o ABSOLUTE
    _printf_o                                0x00000000   Number         0  stubs.o ABSOLUTE
    _printf_p                                0x00000000   Number         0  stubs.o ABSOLUTE
    _printf_percent                          0x00000000   Number         0  stubs.o ABSOLUTE
    _printf_pre_padding                      0x00000000   Number         0  stubs.o ABSOLUTE
    _printf_return_value                     0x00000000   Number         0  stubs.o ABSOLUTE
    _printf_s                                0x00000000   Number         0  stubs.o ABSOLUTE
    _printf_sizespec                         0x00000000   Number         0  stubs.o ABSOLUTE
    _printf_str                              0x00000000   Number         0  stubs.o ABSOLUTE
    _printf_truncate_signed                  0x00000000   Number         0  stubs.o ABSOLUTE
    _printf_truncate_unsigned                0x00000000   Number         0  stubs.o ABSOLUTE
    _printf_u                                0x00000000   Number         0  stubs.o ABSOLUTE
    _printf_wc                               0x00000000   Number         0  stubs.o ABSOLUTE
    _printf_wctomb                           0x00000000   Number         0  stubs.o ABSOLUTE
    _printf_widthprec                        0x00000000   Number         0  stubs.o ABSOLUTE
    _printf_x                                0x00000000   Number         0  stubs.o ABSOLUTE
    __cpp_initialize__aeabi_                  - Undefined Weak Reference
    __cxa_finalize                            - Undefined Weak Reference
    __decompress                              - Undefined Weak Reference
    _clock_init                               - Undefined Weak Reference
    _microlib_exit                            - Undefined Weak Reference
    __Vectors_Size                           0x000000ec   Number         0  startup_stm32f10x_md.o ABSOLUTE
    __Vectors                                0x08000000   Data           4  startup_stm32f10x_md.o(RESET)
    __Vectors_End                            0x080000ec   Data           0  startup_stm32f10x_md.o(RESET)
    __main                                   0x080000ed   Thumb Code     0  entry.o(.ARM.Collect$$$$00000000)
    _main_stk                                0x080000ed   Thumb Code     0  entry2.o(.ARM.Collect$$$$00000001)
    _main_scatterload                        0x080000f1   Thumb Code     0  entry5.o(.ARM.Collect$$$$00000004)
    __main_after_scatterload                 0x080000f5   Thumb Code     0  entry5.o(.ARM.Collect$$$$00000004)
    _main_clock                              0x080000f5   Thumb Code     0  entry7b.o(.ARM.Collect$$$$00000008)
    _main_cpp_init                           0x080000f5   Thumb Code     0  entry8b.o(.ARM.Collect$$$$0000000A)
    _main_init                               0x080000f5   Thumb Code     0  entry9a.o(.ARM.Collect$$$$0000000B)
    __rt_final_cpp                           0x080000fd   Thumb Code     0  entry10a.o(.ARM.Collect$$$$0000000D)
    __rt_final_exit                          0x080000fd   Thumb Code     0  entry11a.o(.ARM.Collect$$$$0000000F)
    Reset_Handler                            0x08000101   Thumb Code     8  startup_stm32f10x_md.o(.text)
    ADC1_2_IRQHandler                        0x0800011b   Thumb Code     0  startup_stm32f10x_md.o(.text)
    CAN1_RX1_IRQHandler                      0x0800011b   Thumb Code     0  startup_stm32f10x_md.o(.text)
    CAN1_SCE_IRQHandler                      0x0800011b   Thumb Code     0  startup_stm32f10x_md.o(.text)
    DMA1_Channel1_IRQHandler                 0x0800011b   Thumb Code     0  startup_stm32f10x_md.o(.text)
    DMA1_Channel2_IRQHandler                 0x0800011b   Thumb Code     0  startup_stm32f10x_md.o(.text)
    DMA1_Channel3_IRQHandler                 0x0800011b   Thumb Code     0  startup_stm32f10x_md.o(.text)
    DMA1_Channel4_IRQHandler                 0x0800011b   Thumb Code     0  startup_stm32f10x_md.o(.text)
    DMA1_Channel5_IRQHandler                 0x0800011b   Thumb Code     0  startup_stm32f10x_md.o(.text)
    DMA1_Channel6_IRQHandler                 0x0800011b   Thumb Code     0  startup_stm32f10x_md.o(.text)
    DMA1_Channel7_IRQHandler                 0x0800011b   Thumb Code     0  startup_stm32f10x_md.o(.text)
    EXTI0_IRQHandler                         0x0800011b   Thumb Code     0  startup_stm32f10x_md.o(.text)
    EXTI15_10_IRQHandler                     0x0800011b   Thumb Code     0  startup_stm32f10x_md.o(.text)
    EXTI1_IRQHandler                         0x0800011b   Thumb Code     0  startup_stm32f10x_md.o(.text)
    EXTI2_IRQHandler                         0x0800011b   Thumb Code     0  startup_stm32f10x_md.o(.text)
    EXTI3_IRQHandler                         0x0800011b   Thumb Code     0  startup_stm32f10x_md.o(.text)
    EXTI4_IRQHandler                         0x0800011b   Thumb Code     0  startup_stm32f10x_md.o(.text)
    EXTI9_5_IRQHandler                       0x0800011b   Thumb Code     0  startup_stm32f10x_md.o(.text)
    FLASH_IRQHandler                         0x0800011b   Thumb Code     0  startup_stm32f10x_md.o(.text)
    I2C1_ER_IRQHandler                       0x0800011b   Thumb Code     0  startup_stm32f10x_md.o(.text)
    I2C1_EV_IRQHandler                       0x0800011b   Thumb Code     0  startup_stm32f10x_md.o(.text)
    I2C2_ER_IRQHandler                       0x0800011b   Thumb Code     0  startup_stm32f10x_md.o(.text)
    I2C2_EV_IRQHandler                       0x0800011b   Thumb Code     0  startup_stm32f10x_md.o(.text)
    PVD_IRQHandler                           0x0800011b   Thumb Code     0  startup_stm32f10x_md.o(.text)
    RCC_IRQHandler                           0x0800011b   Thumb Code     0  startup_stm32f10x_md.o(.text)
    RTCAlarm_IRQHandler                      0x0800011b   Thumb Code     0  startup_stm32f10x_md.o(.text)
    RTC_IRQHandler                           0x0800011b   Thumb Code     0  startup_stm32f10x_md.o(.text)
    SPI1_IRQHandler                          0x0800011b   Thumb Code     0  startup_stm32f10x_md.o(.text)
    SPI2_IRQHandler                          0x0800011b   Thumb Code     0  startup_stm32f10x_md.o(.text)
    TAMPER_IRQHandler                        0x0800011b   Thumb Code     0  startup_stm32f10x_md.o(.text)
    TIM1_BRK_IRQHandler                      0x0800011b   Thumb Code     0  startup_stm32f10x_md.o(.text)
    TIM1_CC_IRQHandler                       0x0800011b   Thumb Code     0  startup_stm32f10x_md.o(.text)
    TIM1_TRG_COM_IRQHandler                  0x0800011b   Thumb Code     0  startup_stm32f10x_md.o(.text)
    TIM1_UP_IRQHandler                       0x0800011b   Thumb Code     0  startup_stm32f10x_md.o(.text)
    TIM3_IRQHandler                          0x0800011b   Thumb Code     0  startup_stm32f10x_md.o(.text)
    TIM4_IRQHandler                          0x0800011b   Thumb Code     0  startup_stm32f10x_md.o(.text)
    USART1_IRQHandler                        0x0800011b   Thumb Code     0  startup_stm32f10x_md.o(.text)
    USART3_IRQHandler                        0x0800011b   Thumb Code     0  startup_stm32f10x_md.o(.text)
    USBWakeUp_IRQHandler                     0x0800011b   Thumb Code     0  startup_stm32f10x_md.o(.text)
    USB_HP_CAN1_TX_IRQHandler                0x0800011b   Thumb Code     0  startup_stm32f10x_md.o(.text)
    USB_LP_CAN1_RX0_IRQHandler               0x0800011b   Thumb Code     0  startup_stm32f10x_md.o(.text)
    WWDG_IRQHandler                          0x0800011b   Thumb Code     0  startup_stm32f10x_md.o(.text)
    SystemInit                               0x08000203   Thumb Code    78  system_stm32f10x.o(.text)
    SystemCoreClockUpdate                    0x08000251   Thumb Code   142  system_stm32f10x.o(.text)
    GPIO_DeInit                              0x08000305   Thumb Code   172  stm32f10x_gpio.o(.text)
    GPIO_AFIODeInit                          0x080003b1   Thumb Code    20  stm32f10x_gpio.o(.text)
    GPIO_Init                                0x080003c5   Thumb Code   278  stm32f10x_gpio.o(.text)
    GPIO_StructInit                          0x080004db   Thumb Code    16  stm32f10x_gpio.o(.text)
    GPIO_ReadInputDataBit                    0x080004eb   Thumb Code    18  stm32f10x_gpio.o(.text)
    GPIO_ReadInputData                       0x080004fd   Thumb Code     8  stm32f10x_gpio.o(.text)
    GPIO_ReadOutputDataBit                   0x08000505   Thumb Code    18  stm32f10x_gpio.o(.text)
    GPIO_ReadOutputData                      0x08000517   Thumb Code     8  stm32f10x_gpio.o(.text)
    GPIO_SetBits                             0x0800051f   Thumb Code     4  stm32f10x_gpio.o(.text)
    GPIO_ResetBits                           0x08000523   Thumb Code     4  stm32f10x_gpio.o(.text)
    GPIO_WriteBit                            0x08000527   Thumb Code    10  stm32f10x_gpio.o(.text)
    GPIO_Write                               0x08000531   Thumb Code     4  stm32f10x_gpio.o(.text)
    GPIO_PinLockConfig                       0x08000535   Thumb Code    18  stm32f10x_gpio.o(.text)
    GPIO_EventOutputConfig                   0x08000547   Thumb Code    26  stm32f10x_gpio.o(.text)
    GPIO_EventOutputCmd                      0x08000561   Thumb Code     6  stm32f10x_gpio.o(.text)
    GPIO_PinRemapConfig                      0x08000567   Thumb Code   138  stm32f10x_gpio.o(.text)
    GPIO_EXTILineConfig                      0x080005f1   Thumb Code    66  stm32f10x_gpio.o(.text)
    GPIO_ETH_MediaInterfaceConfig            0x08000633   Thumb Code     8  stm32f10x_gpio.o(.text)
    RCC_DeInit                               0x08000661   Thumb Code    64  stm32f10x_rcc.o(.text)
    RCC_HSEConfig                            0x080006a1   Thumb Code    70  stm32f10x_rcc.o(.text)
    RCC_GetFlagStatus                        0x080006e7   Thumb Code    56  stm32f10x_rcc.o(.text)
    RCC_WaitForHSEStartUp                    0x0800071f   Thumb Code    56  stm32f10x_rcc.o(.text)
    RCC_AdjustHSICalibrationValue            0x08000757   Thumb Code    20  stm32f10x_rcc.o(.text)
    RCC_HSICmd                               0x0800076b   Thumb Code     6  stm32f10x_rcc.o(.text)
    RCC_PLLConfig                            0x08000771   Thumb Code    24  stm32f10x_rcc.o(.text)
    RCC_PLLCmd                               0x08000789   Thumb Code     6  stm32f10x_rcc.o(.text)
    RCC_SYSCLKConfig                         0x0800078f   Thumb Code    18  stm32f10x_rcc.o(.text)
    RCC_GetSYSCLKSource                      0x080007a1   Thumb Code    10  stm32f10x_rcc.o(.text)
    RCC_HCLKConfig                           0x080007ab   Thumb Code    18  stm32f10x_rcc.o(.text)
    RCC_PCLK1Config                          0x080007bd   Thumb Code    18  stm32f10x_rcc.o(.text)
    RCC_PCLK2Config                          0x080007cf   Thumb Code    20  stm32f10x_rcc.o(.text)
    RCC_ITConfig                             0x080007e3   Thumb Code    26  stm32f10x_rcc.o(.text)
    RCC_USBCLKConfig                         0x080007fd   Thumb Code     8  stm32f10x_rcc.o(.text)
    RCC_ADCCLKConfig                         0x08000805   Thumb Code    18  stm32f10x_rcc.o(.text)
    RCC_LSEConfig                            0x08000817   Thumb Code    50  stm32f10x_rcc.o(.text)
    RCC_LSICmd                               0x08000849   Thumb Code     6  stm32f10x_rcc.o(.text)
    RCC_RTCCLKConfig                         0x0800084f   Thumb Code    12  stm32f10x_rcc.o(.text)
    RCC_RTCCLKCmd                            0x0800085b   Thumb Code     8  stm32f10x_rcc.o(.text)
    RCC_GetClocksFreq                        0x08000863   Thumb Code   192  stm32f10x_rcc.o(.text)
    RCC_AHBPeriphClockCmd                    0x08000923   Thumb Code    26  stm32f10x_rcc.o(.text)
    RCC_APB2PeriphClockCmd                   0x0800093d   Thumb Code    26  stm32f10x_rcc.o(.text)
    RCC_APB1PeriphClockCmd                   0x08000957   Thumb Code    26  stm32f10x_rcc.o(.text)
    RCC_APB2PeriphResetCmd                   0x08000971   Thumb Code    26  stm32f10x_rcc.o(.text)
    RCC_APB1PeriphResetCmd                   0x0800098b   Thumb Code    26  stm32f10x_rcc.o(.text)
    RCC_BackupResetCmd                       0x080009a5   Thumb Code     8  stm32f10x_rcc.o(.text)
    RCC_ClockSecuritySystemCmd               0x080009ad   Thumb Code     6  stm32f10x_rcc.o(.text)
    RCC_MCOConfig                            0x080009b3   Thumb Code     6  stm32f10x_rcc.o(.text)
    RCC_ClearFlag                            0x080009b9   Thumb Code    14  stm32f10x_rcc.o(.text)
    RCC_GetITStatus                          0x080009c7   Thumb Code    20  stm32f10x_rcc.o(.text)
    RCC_ClearITPendingBit                    0x080009db   Thumb Code     6  stm32f10x_rcc.o(.text)
    NVIC_PriorityGroupConfig                 0x08000a05   Thumb Code    10  misc.o(.text)
    NVIC_Init                                0x08000a0f   Thumb Code   100  misc.o(.text)
    NVIC_SetVectorTable                      0x08000a73   Thumb Code    14  misc.o(.text)
    NVIC_SystemLPConfig                      0x08000a81   Thumb Code    34  misc.o(.text)
    SysTick_CLKSourceConfig                  0x08000aa3   Thumb Code    40  misc.o(.text)
    ADC_DeInit                               0x08000ae1   Thumb Code    78  stm32f10x_adc.o(.text)
    ADC_Init                                 0x08000b2f   Thumb Code    70  stm32f10x_adc.o(.text)
    ADC_StructInit                           0x08000b75   Thumb Code    18  stm32f10x_adc.o(.text)
    ADC_Cmd                                  0x08000b87   Thumb Code    22  stm32f10x_adc.o(.text)
    ADC_DMACmd                               0x08000b9d   Thumb Code    22  stm32f10x_adc.o(.text)
    ADC_ITConfig                             0x08000bb3   Thumb Code    24  stm32f10x_adc.o(.text)
    ADC_ResetCalibration                     0x08000bcb   Thumb Code    10  stm32f10x_adc.o(.text)
    ADC_GetResetCalibrationStatus            0x08000bd5   Thumb Code    20  stm32f10x_adc.o(.text)
    ADC_StartCalibration                     0x08000be9   Thumb Code    10  stm32f10x_adc.o(.text)
    ADC_GetCalibrationStatus                 0x08000bf3   Thumb Code    20  stm32f10x_adc.o(.text)
    ADC_SoftwareStartConvCmd                 0x08000c07   Thumb Code    22  stm32f10x_adc.o(.text)
    ADC_GetSoftwareStartConvStatus           0x08000c1d   Thumb Code    20  stm32f10x_adc.o(.text)
    ADC_DiscModeChannelCountConfig           0x08000c31   Thumb Code    24  stm32f10x_adc.o(.text)
    ADC_DiscModeCmd                          0x08000c49   Thumb Code    22  stm32f10x_adc.o(.text)
    ADC_RegularChannelConfig                 0x08000c5f   Thumb Code   184  stm32f10x_adc.o(.text)
    ADC_ExternalTrigConvCmd                  0x08000d17   Thumb Code    22  stm32f10x_adc.o(.text)
    ADC_GetConversionValue                   0x08000d2d   Thumb Code     8  stm32f10x_adc.o(.text)
    ADC_GetDualModeConversionValue           0x08000d35   Thumb Code     8  stm32f10x_adc.o(.text)
    ADC_AutoInjectedConvCmd                  0x08000d3d   Thumb Code    22  stm32f10x_adc.o(.text)
    ADC_InjectedDiscModeCmd                  0x08000d53   Thumb Code    22  stm32f10x_adc.o(.text)
    ADC_ExternalTrigInjectedConvConfig       0x08000d69   Thumb Code    16  stm32f10x_adc.o(.text)
    ADC_ExternalTrigInjectedConvCmd          0x08000d79   Thumb Code    22  stm32f10x_adc.o(.text)
    ADC_SoftwareStartInjectedConvCmd         0x08000d8f   Thumb Code    22  stm32f10x_adc.o(.text)
    ADC_GetSoftwareStartInjectedConvCmdStatus 0x08000da5   Thumb Code    20  stm32f10x_adc.o(.text)
    ADC_InjectedChannelConfig                0x08000db9   Thumb Code   130  stm32f10x_adc.o(.text)
    ADC_InjectedSequencerLengthConfig        0x08000e3b   Thumb Code    24  stm32f10x_adc.o(.text)
    ADC_SetInjectedOffset                    0x08000e53   Thumb Code    20  stm32f10x_adc.o(.text)
    ADC_GetInjectedConversionValue           0x08000e67   Thumb Code    28  stm32f10x_adc.o(.text)
    ADC_AnalogWatchdogCmd                    0x08000e83   Thumb Code    16  stm32f10x_adc.o(.text)
    ADC_AnalogWatchdogThresholdsConfig       0x08000e93   Thumb Code     6  stm32f10x_adc.o(.text)
    ADC_AnalogWatchdogSingleChannelConfig    0x08000e99   Thumb Code    16  stm32f10x_adc.o(.text)
    ADC_TempSensorVrefintCmd                 0x08000ea9   Thumb Code    64  stm32f10x_adc.o(.text)
    ADC_GetFlagStatus                        0x08000ee9   Thumb Code    18  stm32f10x_adc.o(.text)
    ADC_ClearFlag                            0x08000efb   Thumb Code     6  stm32f10x_adc.o(.text)
    ADC_GetITStatus                          0x08000f01   Thumb Code    36  stm32f10x_adc.o(.text)
    ADC_ClearITPendingBit                    0x08000f25   Thumb Code    10  stm32f10x_adc.o(.text)
    TIM_DeInit                               0x08000f31   Thumb Code   424  stm32f10x_tim.o(.text)
    TIM_TimeBaseInit                         0x080010d9   Thumb Code   122  stm32f10x_tim.o(.text)
    TIM_OC1Init                              0x08001153   Thumb Code   132  stm32f10x_tim.o(.text)
    TIM_OC2Init                              0x080011d7   Thumb Code   154  stm32f10x_tim.o(.text)
    TIM_OC3Init                              0x08001271   Thumb Code   150  stm32f10x_tim.o(.text)
    TIM_OC4Init                              0x08001307   Thumb Code   182  stm32f10x_tim.o(.text)
    TIM_SetIC4Prescaler                      0x080013bd   Thumb Code    26  stm32f10x_tim.o(.text)
    TIM_SetIC3Prescaler                      0x08001459   Thumb Code    18  stm32f10x_tim.o(.text)
    TIM_SetIC2Prescaler                      0x080014e5   Thumb Code    26  stm32f10x_tim.o(.text)
    TIM_SetIC1Prescaler                      0x08001581   Thumb Code    18  stm32f10x_tim.o(.text)
    TIM_ICInit                               0x080015ff   Thumb Code   150  stm32f10x_tim.o(.text)
    TIM_PWMIConfig                           0x08001695   Thumb Code   124  stm32f10x_tim.o(.text)
    TIM_BDTRConfig                           0x08001711   Thumb Code    32  stm32f10x_tim.o(.text)
    TIM_TimeBaseStructInit                   0x08001731   Thumb Code    18  stm32f10x_tim.o(.text)
    TIM_OCStructInit                         0x08001743   Thumb Code    20  stm32f10x_tim.o(.text)
    TIM_ICStructInit                         0x08001757   Thumb Code    18  stm32f10x_tim.o(.text)
    TIM_BDTRStructInit                       0x08001769   Thumb Code    40  stm32f10x_tim.o(.text)
    TIM_Cmd                                  0x08001791   Thumb Code    24  stm32f10x_tim.o(.text)
    TIM_CtrlPWMOutputs                       0x080017a9   Thumb Code    30  stm32f10x_tim.o(.text)
    TIM_ITConfig                             0x080017c7   Thumb Code    18  stm32f10x_tim.o(.text)
    TIM_GenerateEvent                        0x080017d9   Thumb Code     4  stm32f10x_tim.o(.text)
    TIM_DMAConfig                            0x080017dd   Thumb Code    10  stm32f10x_tim.o(.text)
    TIM_DMACmd                               0x080017e7   Thumb Code    18  stm32f10x_tim.o(.text)
    TIM_InternalClockConfig                  0x080017f9   Thumb Code    12  stm32f10x_tim.o(.text)
    TIM_SelectInputTrigger                   0x08001805   Thumb Code    18  stm32f10x_tim.o(.text)
    TIM_ITRxExternalClockConfig              0x08001817   Thumb Code    24  stm32f10x_tim.o(.text)
    TIM_TIxExternalClockConfig               0x0800182f   Thumb Code    62  stm32f10x_tim.o(.text)
    TIM_ETRConfig                            0x0800186d   Thumb Code    28  stm32f10x_tim.o(.text)
    TIM_ETRClockMode1Config                  0x08001889   Thumb Code    54  stm32f10x_tim.o(.text)
    TIM_ETRClockMode2Config                  0x080018bf   Thumb Code    32  stm32f10x_tim.o(.text)
    TIM_PrescalerConfig                      0x080018df   Thumb Code     6  stm32f10x_tim.o(.text)
    TIM_CounterModeConfig                    0x080018e5   Thumb Code    18  stm32f10x_tim.o(.text)
    TIM_EncoderInterfaceConfig               0x080018f7   Thumb Code    66  stm32f10x_tim.o(.text)
    TIM_ForcedOC1Config                      0x08001939   Thumb Code    18  stm32f10x_tim.o(.text)
    TIM_ForcedOC2Config                      0x0800194b   Thumb Code    26  stm32f10x_tim.o(.text)
    TIM_ForcedOC3Config                      0x08001965   Thumb Code    18  stm32f10x_tim.o(.text)
    TIM_ForcedOC4Config                      0x08001977   Thumb Code    26  stm32f10x_tim.o(.text)
    TIM_ARRPreloadConfig                     0x08001991   Thumb Code    24  stm32f10x_tim.o(.text)
    TIM_SelectCOM                            0x080019a9   Thumb Code    24  stm32f10x_tim.o(.text)
    TIM_SelectCCDMA                          0x080019c1   Thumb Code    24  stm32f10x_tim.o(.text)
    TIM_CCPreloadControl                     0x080019d9   Thumb Code    24  stm32f10x_tim.o(.text)
    TIM_OC1PreloadConfig                     0x080019f1   Thumb Code    18  stm32f10x_tim.o(.text)
    TIM_OC2PreloadConfig                     0x08001a03   Thumb Code    26  stm32f10x_tim.o(.text)
    TIM_OC3PreloadConfig                     0x08001a1d   Thumb Code    18  stm32f10x_tim.o(.text)
    TIM_OC4PreloadConfig                     0x08001a2f   Thumb Code    26  stm32f10x_tim.o(.text)
    TIM_OC1FastConfig                        0x08001a49   Thumb Code    18  stm32f10x_tim.o(.text)
    TIM_OC2FastConfig                        0x08001a5b   Thumb Code    26  stm32f10x_tim.o(.text)
    TIM_OC3FastConfig                        0x08001a75   Thumb Code    18  stm32f10x_tim.o(.text)
    TIM_OC4FastConfig                        0x08001a87   Thumb Code    26  stm32f10x_tim.o(.text)
    TIM_ClearOC1Ref                          0x08001aa1   Thumb Code    18  stm32f10x_tim.o(.text)
    TIM_ClearOC2Ref                          0x08001ab3   Thumb Code    24  stm32f10x_tim.o(.text)
    TIM_ClearOC3Ref                          0x08001acb   Thumb Code    18  stm32f10x_tim.o(.text)
    TIM_ClearOC4Ref                          0x08001add   Thumb Code    24  stm32f10x_tim.o(.text)
    TIM_OC1PolarityConfig                    0x08001af5   Thumb Code    18  stm32f10x_tim.o(.text)
    TIM_OC1NPolarityConfig                   0x08001b07   Thumb Code    18  stm32f10x_tim.o(.text)
    TIM_OC2PolarityConfig                    0x08001b19   Thumb Code    26  stm32f10x_tim.o(.text)
    TIM_OC2NPolarityConfig                   0x08001b33   Thumb Code    26  stm32f10x_tim.o(.text)
    TIM_OC3PolarityConfig                    0x08001b4d   Thumb Code    26  stm32f10x_tim.o(.text)
    TIM_OC3NPolarityConfig                   0x08001b67   Thumb Code    26  stm32f10x_tim.o(.text)
    TIM_OC4PolarityConfig                    0x08001b81   Thumb Code    26  stm32f10x_tim.o(.text)
    TIM_CCxCmd                               0x08001b9b   Thumb Code    30  stm32f10x_tim.o(.text)
    TIM_CCxNCmd                              0x08001bb9   Thumb Code    30  stm32f10x_tim.o(.text)
    TIM_SelectOCxM                           0x08001bd7   Thumb Code    82  stm32f10x_tim.o(.text)
    TIM_UpdateDisableConfig                  0x08001c29   Thumb Code    24  stm32f10x_tim.o(.text)
    TIM_UpdateRequestConfig                  0x08001c41   Thumb Code    24  stm32f10x_tim.o(.text)
    TIM_SelectHallSensor                     0x08001c59   Thumb Code    24  stm32f10x_tim.o(.text)
    TIM_SelectOnePulseMode                   0x08001c71   Thumb Code    18  stm32f10x_tim.o(.text)
    TIM_SelectOutputTrigger                  0x08001c83   Thumb Code    18  stm32f10x_tim.o(.text)
    TIM_SelectSlaveMode                      0x08001c95   Thumb Code    18  stm32f10x_tim.o(.text)
    TIM_SelectMasterSlaveMode                0x08001ca7   Thumb Code    18  stm32f10x_tim.o(.text)
    TIM_SetCounter                           0x08001cb9   Thumb Code     4  stm32f10x_tim.o(.text)
    TIM_SetAutoreload                        0x08001cbd   Thumb Code     4  stm32f10x_tim.o(.text)
    TIM_SetCompare1                          0x08001cc1   Thumb Code     4  stm32f10x_tim.o(.text)
    TIM_SetCompare2                          0x08001cc5   Thumb Code     4  stm32f10x_tim.o(.text)
    TIM_SetCompare3                          0x08001cc9   Thumb Code     4  stm32f10x_tim.o(.text)
    TIM_SetCompare4                          0x08001ccd   Thumb Code     6  stm32f10x_tim.o(.text)
    TIM_SetClockDivision                     0x08001cd3   Thumb Code    18  stm32f10x_tim.o(.text)
    TIM_GetCapture1                          0x08001ce5   Thumb Code     6  stm32f10x_tim.o(.text)
    TIM_GetCapture2                          0x08001ceb   Thumb Code     6  stm32f10x_tim.o(.text)
    TIM_GetCapture3                          0x08001cf1   Thumb Code     6  stm32f10x_tim.o(.text)
    TIM_GetCapture4                          0x08001cf7   Thumb Code     8  stm32f10x_tim.o(.text)
    TIM_GetCounter                           0x08001cff   Thumb Code     6  stm32f10x_tim.o(.text)
    TIM_GetPrescaler                         0x08001d05   Thumb Code     6  stm32f10x_tim.o(.text)
    TIM_GetFlagStatus                        0x08001d0b   Thumb Code    18  stm32f10x_tim.o(.text)
    TIM_ClearFlag                            0x08001d1d   Thumb Code     6  stm32f10x_tim.o(.text)
    TIM_GetITStatus                          0x08001d23   Thumb Code    34  stm32f10x_tim.o(.text)
    TIM_ClearITPendingBit                    0x08001d45   Thumb Code     6  stm32f10x_tim.o(.text)
    USART_DeInit                             0x08001d4d   Thumb Code   134  stm32f10x_usart.o(.text)
    USART_Init                               0x08001dd3   Thumb Code   210  stm32f10x_usart.o(.text)
    USART_StructInit                         0x08001ea5   Thumb Code    24  stm32f10x_usart.o(.text)
    USART_ClockInit                          0x08001ebd   Thumb Code    34  stm32f10x_usart.o(.text)
    USART_ClockStructInit                    0x08001edf   Thumb Code    12  stm32f10x_usart.o(.text)
    USART_Cmd                                0x08001eeb   Thumb Code    24  stm32f10x_usart.o(.text)
    USART_ITConfig                           0x08001f03   Thumb Code    74  stm32f10x_usart.o(.text)
    USART_DMACmd                             0x08001f4d   Thumb Code    18  stm32f10x_usart.o(.text)
    USART_SetAddress                         0x08001f5f   Thumb Code    18  stm32f10x_usart.o(.text)
    USART_WakeUpConfig                       0x08001f71   Thumb Code    18  stm32f10x_usart.o(.text)
    USART_ReceiverWakeUpCmd                  0x08001f83   Thumb Code    24  stm32f10x_usart.o(.text)
    USART_LINBreakDetectLengthConfig         0x08001f9b   Thumb Code    18  stm32f10x_usart.o(.text)
    USART_LINCmd                             0x08001fad   Thumb Code    24  stm32f10x_usart.o(.text)
    USART_SendData                           0x08001fc5   Thumb Code     8  stm32f10x_usart.o(.text)
    USART_ReceiveData                        0x08001fcd   Thumb Code    10  stm32f10x_usart.o(.text)
    USART_SendBreak                          0x08001fd7   Thumb Code    10  stm32f10x_usart.o(.text)
    USART_SetGuardTime                       0x08001fe1   Thumb Code    16  stm32f10x_usart.o(.text)
    USART_SetPrescaler                       0x08001ff1   Thumb Code    16  stm32f10x_usart.o(.text)
    USART_SmartCardCmd                       0x08002001   Thumb Code    24  stm32f10x_usart.o(.text)
    USART_SmartCardNACKCmd                   0x08002019   Thumb Code    24  stm32f10x_usart.o(.text)
    USART_HalfDuplexCmd                      0x08002031   Thumb Code    24  stm32f10x_usart.o(.text)
    USART_OverSampling8Cmd                   0x08002049   Thumb Code    22  stm32f10x_usart.o(.text)
    USART_OneBitMethodCmd                    0x0800205f   Thumb Code    24  stm32f10x_usart.o(.text)
    USART_IrDAConfig                         0x08002077   Thumb Code    18  stm32f10x_usart.o(.text)
    USART_IrDACmd                            0x08002089   Thumb Code    24  stm32f10x_usart.o(.text)
    USART_GetFlagStatus                      0x080020a1   Thumb Code    26  stm32f10x_usart.o(.text)
    USART_ClearFlag                          0x080020bb   Thumb Code    18  stm32f10x_usart.o(.text)
    USART_GetITStatus                        0x080020cd   Thumb Code    84  stm32f10x_usart.o(.text)
    USART_ClearITPendingBit                  0x08002121   Thumb Code    52  stm32f10x_usart.o(.text)
    Delay_LCD                                0x08002155   Thumb Code    30  lcd.o(.text)
    LCD_WriteReg                             0x08002173   Thumb Code    64  lcd.o(.text)
    REG_8230_Init                            0x080021b3   Thumb Code   288  lcd.o(.text)
    REG_932X_Init                            0x080022d3   Thumb Code   514  lcd.o(.text)
    LCD_BusOut                               0x080024d5   Thumb Code    32  lcd.o(.text)
    LCD_BusIn                                0x080024f5   Thumb Code    32  lcd.o(.text)
    LCD_ReadReg                              0x08002515   Thumb Code    92  lcd.o(.text)
    LCD_CtrlLinesConfig                      0x08002571   Thumb Code    68  lcd.o(.text)
    STM3210B_LCD_Init                        0x080025b5   Thumb Code    50  lcd.o(.text)
    LCD_SetTextColor                         0x080025e7   Thumb Code    12  lcd.o(.text)
    LCD_SetBackColor                         0x080025f3   Thumb Code    12  lcd.o(.text)
    LCD_SetCursor                            0x080025ff   Thumb Code    24  lcd.o(.text)
    LCD_WriteRAM                             0x08002617   Thumb Code    50  lcd.o(.text)
    LCD_WriteRAM_Prepare                     0x08002649   Thumb Code    54  lcd.o(.text)
    LCD_DrawChar                             0x0800267f   Thumb Code   100  lcd.o(.text)
    LCD_DisplayChar                          0x080026e3   Thumb Code    34  lcd.o(.text)
    LCD_DisplayStringLine                    0x08002705   Thumb Code    44  lcd.o(.text)
    LCD_ClearLine                            0x08002731   Thumb Code    14  lcd.o(.text)
    LCD_Clear                                0x0800273f   Thumb Code    38  lcd.o(.text)
    LCD_SetDisplayWindow                     0x08002765   Thumb Code    88  lcd.o(.text)
    LCD_WindowModeDisable                    0x080027bd   Thumb Code    28  lcd.o(.text)
    LCD_DrawLine                             0x080027d9   Thumb Code    86  lcd.o(.text)
    LCD_DrawRect                             0x0800282f   Thumb Code    66  lcd.o(.text)
    LCD_DrawCircle                           0x08002871   Thumb Code   252  lcd.o(.text)
    LCD_DrawMonoPict                         0x0800296d   Thumb Code   126  lcd.o(.text)
    LCD_WriteBMP                             0x080029eb   Thumb Code    74  lcd.o(.text)
    LCD_ReadRAM                              0x08002a35   Thumb Code    82  lcd.o(.text)
    LCD_PowerOn                              0x08002a87   Thumb Code   118  lcd.o(.text)
    LCD_DisplayOn                            0x08002afd   Thumb Code    14  lcd.o(.text)
    LCD_DisplayOff                           0x08002b0b   Thumb Code    12  lcd.o(.text)
    LCD_DrawPicture                          0x08002b17   Thumb Code    48  lcd.o(.text)
    main                                     0x08002b59   Thumb Code   106  main.o(.text)
    NMI_Handler                              0x08002bc9   Thumb Code     2  stm32f10x_it.o(.text)
    HardFault_Handler                        0x08002bcb   Thumb Code     4  stm32f10x_it.o(.text)
    MemManage_Handler                        0x08002bcf   Thumb Code     4  stm32f10x_it.o(.text)
    BusFault_Handler                         0x08002bd3   Thumb Code     4  stm32f10x_it.o(.text)
    UsageFault_Handler                       0x08002bd7   Thumb Code     4  stm32f10x_it.o(.text)
    DebugMon_Handler                         0x08002bdb   Thumb Code     2  stm32f10x_it.o(.text)
    SVC_Handler                              0x08002bdd   Thumb Code     2  stm32f10x_it.o(.text)
    PendSV_Handler                           0x08002bdf   Thumb Code     2  stm32f10x_it.o(.text)
    SysTick_Handler                          0x08002be1   Thumb Code     2  stm32f10x_it.o(.text)
    USART2_IRQHandler                        0x08002be3   Thumb Code   184  stm32f10x_it.o(.text)
    TIM2_IRQHandler                          0x08002c9b   Thumb Code    84  stm32f10x_it.o(.text)
    LED_Init                                 0x08002d69   Thumb Code    80  led.o(.text)
    LED_Control                              0x08002db9   Thumb Code    64  led.o(.text)
    KEY_Init                                 0x08002e01   Thumb Code    48  key.o(.text)
    KEY_Scan                                 0x08002e31   Thumb Code   890  key.o(.text)
    KEY_Menu                                 0x080031ab   Thumb Code   910  key.o(.text)
    SDA_Input_Mode                           0x08003721   Thumb Code    30  i2c.o(.text)
    SDA_Output_Mode                          0x0800373f   Thumb Code    30  i2c.o(.text)
    SDA_Output                               0x0800375d   Thumb Code    26  i2c.o(.text)
    SCL_Output                               0x08003777   Thumb Code    26  i2c.o(.text)
    SDA_Input                                0x08003791   Thumb Code    12  i2c.o(.text)
    delay1                                   0x0800379d   Thumb Code    12  i2c.o(.text)
    I2CStart                                 0x080037a9   Thumb Code    60  i2c.o(.text)
    I2CStop                                  0x080037e5   Thumb Code    60  i2c.o(.text)
    I2CWaitAck                               0x08003821   Thumb Code    88  i2c.o(.text)
    I2CSendAck                               0x08003879   Thumb Code    54  i2c.o(.text)
    I2CSendNotAck                            0x080038af   Thumb Code    46  i2c.o(.text)
    I2CSendByte                              0x080038dd   Thumb Code    88  i2c.o(.text)
    I2CReceiveByte                           0x08003935   Thumb Code    88  i2c.o(.text)
    i2c_init                                 0x0800398d   Thumb Code    38  i2c.o(.text)
    _24c02_Write                             0x080039b9   Thumb Code    46  24c02.o(.text)
    _24c02_Read                              0x080039e7   Thumb Code    60  24c02.o(.text)
    _24c02_Write_Temperature                 0x08003a23   Thumb Code   140  24c02.o(.text)
    _24c02_Write_Threshold                   0x08003aaf   Thumb Code   172  24c02.o(.text)
    _24c02_Write_Time_Level                  0x08003b5b   Thumb Code   182  24c02.o(.text)
    _24c02_Read_Temprature_Threshold         0x08003c11   Thumb Code   264  24c02.o(.text)
    _24c02_Read_Time_Level                   0x08003d19   Thumb Code   114  24c02.o(.text)
    SysTick_Config_H                         0x08003dc5   Thumb Code    94  systick.o(.text)
    Systick_Delay_Ms                         0x08003e23   Thumb Code    52  systick.o(.text)
    Systick_Delay_Us                         0x08003e57   Thumb Code    50  systick.o(.text)
    Adc_Init                                 0x08003e99   Thumb Code   138  adc.o(.text)
    Adc_Get_Val                              0x08003f23   Thumb Code    44  adc.o(.text)
    Adc_Get_Val_ave                          0x08003f4f   Thumb Code    32  adc.o(.text)
    Adc_Get_Voltage_Val                      0x08003f6f   Thumb Code   238  adc.o(.text)
    Usart_Init                               0x080040a1   Thumb Code   166  usart.o(.text)
    Usart_SendChar                           0x08004147   Thumb Code    30  usart.o(.text)
    Usart_SendString                         0x08004165   Thumb Code    40  usart.o(.text)
    fputc                                    0x0800418d   Thumb Code    32  usart.o(.text)
    fgetc                                    0x080041ad   Thumb Code    26  usart.o(.text)
    DHT11_Init                               0x080041d1   Thumb Code    38  dht11.o(.text)
    DHT11_Mode_IN                            0x080041f7   Thumb Code    30  dht11.o(.text)
    DHT11_Mode_Out                           0x08004215   Thumb Code    30  dht11.o(.text)
    DHT11_ReadBytes                          0x08004233   Thumb Code    72  dht11.o(.text)
    DHT11_GetData                            0x0800427b   Thumb Code   472  dht11.o(.text)
    TIM_Init                                 0x080044d5   Thumb Code   112  tim.o(.text)
    strncmp                                  0x08004545   Thumb Code    30  strncmp.o(.text)
    __aeabi_dadd                             0x08004563   Thumb Code   322  dadd.o(.text)
    __aeabi_dsub                             0x080046a5   Thumb Code     6  dadd.o(.text)
    __aeabi_drsub                            0x080046ab   Thumb Code     6  dadd.o(.text)
    __aeabi_dmul                             0x080046b1   Thumb Code   228  dmul.o(.text)
    __aeabi_ddiv                             0x08004795   Thumb Code   222  ddiv.o(.text)
    __aeabi_i2d                              0x08004873   Thumb Code    34  dflti.o(.text)
    __aeabi_ui2d                             0x08004895   Thumb Code    26  dfltui.o(.text)
    __aeabi_d2uiz                            0x080048af   Thumb Code    50  dfixui.o(.text)
    __aeabi_cdcmpeq                          0x080048e1   Thumb Code     0  cdcmple.o(.text)
    __aeabi_cdcmple                          0x080048e1   Thumb Code    48  cdcmple.o(.text)
    __aeabi_cdrcmple                         0x08004911   Thumb Code    48  cdrcmple.o(.text)
    __aeabi_uidiv                            0x08004941   Thumb Code     0  uidiv.o(.text)
    __aeabi_uidivmod                         0x08004941   Thumb Code    44  uidiv.o(.text)
    __aeabi_uldivmod                         0x0800496d   Thumb Code    98  uldiv.o(.text)
    __aeabi_llsl                             0x080049cf   Thumb Code    30  llshl.o(.text)
    _ll_shift_l                              0x080049cf   Thumb Code     0  llshl.o(.text)
    __aeabi_llsr                             0x080049ed   Thumb Code    32  llushr.o(.text)
    _ll_ushift_r                             0x080049ed   Thumb Code     0  llushr.o(.text)
    __aeabi_lasr                             0x08004a0d   Thumb Code    36  llsshr.o(.text)
    _ll_sshift_r                             0x08004a0d   Thumb Code     0  llsshr.o(.text)
    __I$use$fp                               0x08004a31   Thumb Code     0  iusefp.o(.text)
    _double_round                            0x08004a31   Thumb Code    30  depilogue.o(.text)
    _double_epilogue                         0x08004a4f   Thumb Code   156  depilogue.o(.text)
    __aeabi_d2ulz                            0x08004aeb   Thumb Code    48  dfixul.o(.text)
    __scatterload                            0x08004b1d   Thumb Code    28  init.o(.text)
    __scatterload_rt2                        0x08004b1d   Thumb Code     0  init.o(.text)
    __0printf                                0x08004b41   Thumb Code    22  printfa.o(i.__0printf)
    __1printf                                0x08004b41   Thumb Code     0  printfa.o(i.__0printf)
    __2printf                                0x08004b41   Thumb Code     0  printfa.o(i.__0printf)
    __c89printf                              0x08004b41   Thumb Code     0  printfa.o(i.__0printf)
    printf                                   0x08004b41   Thumb Code     0  printfa.o(i.__0printf)
    __0sprintf                               0x08004b61   Thumb Code    34  printfa.o(i.__0sprintf)
    __1sprintf                               0x08004b61   Thumb Code     0  printfa.o(i.__0sprintf)
    __2sprintf                               0x08004b61   Thumb Code     0  printfa.o(i.__0sprintf)
    __c89sprintf                             0x08004b61   Thumb Code     0  printfa.o(i.__0sprintf)
    sprintf                                  0x08004b61   Thumb Code     0  printfa.o(i.__0sprintf)
    __scatterload_copy                       0x08004b89   Thumb Code    14  handlers.o(i.__scatterload_copy)
    __scatterload_null                       0x08004b97   Thumb Code     2  handlers.o(i.__scatterload_null)
    __scatterload_zeroinit                   0x08004b99   Thumb Code    14  handlers.o(i.__scatterload_zeroinit)
    ASCII_Table                              0x08005444   Data        4560  lcd.o(.constdata)
    Region$$Table$$Base                      0x08006614   Number         0  anon$$obj.o(Region$$Table)
    Region$$Table$$Limit                     0x08006634   Number         0  anon$$obj.o(Region$$Table)
    SystemCoreClock                          0x20000000   Data           4  system_stm32f10x.o(.data)
    AHBPrescTable                            0x20000004   Data          16  system_stm32f10x.o(.data)
    dummy                                    0x2000002c   Data           2  lcd.o(.data)
    keyscan_count                            0x20000030   Data           1  key.o(.data)
    keyscan_flag                             0x20000031   Data           1  key.o(.data)
    b2_count_dht11                           0x20000032   Data           1  key.o(.data)
    b2_count_adc                             0x20000033   Data           1  key.o(.data)
    b1_flag                                  0x20000034   Data           1  key.o(.data)
    max_T                                    0x20000038   Data           8  key.o(.data)
    min_T                                    0x20000040   Data           8  key.o(.data)
    tmp_max                                  0x20000048   Data           8  key.o(.data)
    tmp_min                                  0x20000050   Data           8  key.o(.data)
    dht11_rece_flag                          0x20000058   Data           1  key.o(.data)
    adc_val                                  0x20000060   Data           2  adc.o(.data)
    voltage_val                              0x20000068   Data           8  adc.o(.data)
    voltage_val_count                        0x20000070   Data           2  adc.o(.data)
    voltage_val_flag                         0x20000072   Data           1  adc.o(.data)
    high_val                                 0x20000074   Data           2  adc.o(.data)
    threshold1                               0x20000076   Data           2  adc.o(.data)
    threshold2                               0x20000078   Data           2  adc.o(.data)
    threshold3                               0x2000007a   Data           2  adc.o(.data)
    tmp_threshold1                           0x2000007c   Data           2  adc.o(.data)
    tmp_threshold2                           0x2000007e   Data           2  adc.o(.data)
    tmp_threshold3                           0x20000080   Data           2  adc.o(.data)
    level                                    0x20000082   Data           1  adc.o(.data)
    tmp_level                                0x20000083   Data           1  adc.o(.data)
    time                                     0x20000084   Data           4  adc.o(.data)
    Humidity                                 0x20000088   Data           8  dht11.o(.data)
    Temperature                              0x20000090   Data           8  dht11.o(.data)
    dht11_flag                               0x20000098   Data           1  dht11.o(.data)
    dht11_count                              0x2000009a   Data           2  dht11.o(.data)
    dht11_getdata_flag                       0x2000009c   Data           1  dht11.o(.data)
    send_th_flag                             0x2000009d   Data           1  dht11.o(.data)
    biubiu_flag                              0x2000009e   Data           1  dht11.o(.data)
    __stdout                                 0x200000a0   Data           4  stdout.o(.data)
    usart_str                                0x200000a4   Data          50  stm32f10x_it.o(.bss)
    print_str                                0x200000d6   Data         100  key.o(.bss)
    __initial_sp                             0x20000540   Data           0  startup_stm32f10x_md.o(STACK)



==============================================================================

Memory Map of the image

  Image Entry point : 0x080000ed

  Load Region LR_IROM1 (Base: 0x08000000, Size: 0x000066d8, Max: 0x00020000, ABSOLUTE)

    Execution Region ER_IROM1 (Base: 0x08000000, Size: 0x00006634, Max: 0x00020000, ABSOLUTE)

    Base Addr    Size         Type   Attr      Idx    E Section Name        Object

    0x08000000   0x000000ec   Data   RO            3    RESET               startup_stm32f10x_md.o
    0x080000ec   0x00000000   Code   RO         1118  * .ARM.Collect$$$$00000000  mc_w.l(entry.o)
    0x080000ec   0x00000004   Code   RO         1400    .ARM.Collect$$$$00000001  mc_w.l(entry2.o)
    0x080000f0   0x00000004   Code   RO         1403    .ARM.Collect$$$$00000004  mc_w.l(entry5.o)
    0x080000f4   0x00000000   Code   RO         1405    .ARM.Collect$$$$00000008  mc_w.l(entry7b.o)
    0x080000f4   0x00000000   Code   RO         1407    .ARM.Collect$$$$0000000A  mc_w.l(entry8b.o)
    0x080000f4   0x00000008   Code   RO         1408    .ARM.Collect$$$$0000000B  mc_w.l(entry9a.o)
    0x080000fc   0x00000000   Code   RO         1410    .ARM.Collect$$$$0000000D  mc_w.l(entry10a.o)
    0x080000fc   0x00000000   Code   RO         1412    .ARM.Collect$$$$0000000F  mc_w.l(entry11a.o)
    0x080000fc   0x00000004   Code   RO         1401    .ARM.Collect$$$$00002712  mc_w.l(entry2.o)
    0x08000100   0x00000024   Code   RO            4    .text               startup_stm32f10x_md.o
    0x08000124   0x000001e0   Code   RO           26    .text               system_stm32f10x.o
    0x08000304   0x0000035c   Code   RO          137    .text               stm32f10x_gpio.o
    0x08000660   0x000003a4   Code   RO          161    .text               stm32f10x_rcc.o
    0x08000a04   0x000000dc   Code   RO          183    .text               misc.o
    0x08000ae0   0x0000044e   Code   RO          203    .text               stm32f10x_adc.o
    0x08000f2e   0x00000002   PAD
    0x08000f30   0x00000e1a   Code   RO          543    .text               stm32f10x_tim.o
    0x08001d4a   0x00000002   PAD
    0x08001d4c   0x00000408   Code   RO          563    .text               stm32f10x_usart.o
    0x08002154   0x00000a04   Code   RO          603    .text               lcd.o
    0x08002b58   0x00000070   Code   RO          633    .text               main.o
    0x08002bc8   0x000001a0   Code   RO          773    .text               stm32f10x_it.o
    0x08002d68   0x00000098   Code   RO          917    .text               led.o
    0x08002e00   0x00000920   Code   RO          937    .text               key.o
    0x08003720   0x00000298   Code   RO          964    .text               i2c.o
    0x080039b8   0x0000040c   Code   RO          984    .text               24c02.o
    0x08003dc4   0x000000d4   Code   RO         1004    .text               systick.o
    0x08003e98   0x00000208   Code   RO         1028    .text               adc.o
    0x080040a0   0x00000130   Code   RO         1054    .text               usart.o
    0x080041d0   0x00000304   Code   RO         1074    .text               dht11.o
    0x080044d4   0x00000070   Code   RO         1100    .text               tim.o
    0x08004544   0x0000001e   Code   RO         1121    .text               mc_w.l(strncmp.o)
    0x08004562   0x0000014e   Code   RO         1384    .text               mf_w.l(dadd.o)
    0x080046b0   0x000000e4   Code   RO         1386    .text               mf_w.l(dmul.o)
    0x08004794   0x000000de   Code   RO         1388    .text               mf_w.l(ddiv.o)
    0x08004872   0x00000022   Code   RO         1390    .text               mf_w.l(dflti.o)
    0x08004894   0x0000001a   Code   RO         1392    .text               mf_w.l(dfltui.o)
    0x080048ae   0x00000032   Code   RO         1394    .text               mf_w.l(dfixui.o)
    0x080048e0   0x00000030   Code   RO         1396    .text               mf_w.l(cdcmple.o)
    0x08004910   0x00000030   Code   RO         1398    .text               mf_w.l(cdrcmple.o)
    0x08004940   0x0000002c   Code   RO         1415    .text               mc_w.l(uidiv.o)
    0x0800496c   0x00000062   Code   RO         1417    .text               mc_w.l(uldiv.o)
    0x080049ce   0x0000001e   Code   RO         1419    .text               mc_w.l(llshl.o)
    0x080049ec   0x00000020   Code   RO         1421    .text               mc_w.l(llushr.o)
    0x08004a0c   0x00000024   Code   RO         1423    .text               mc_w.l(llsshr.o)
    0x08004a30   0x00000000   Code   RO         1425    .text               mc_w.l(iusefp.o)
    0x08004a30   0x000000ba   Code   RO         1426    .text               mf_w.l(depilogue.o)
    0x08004aea   0x00000030   Code   RO         1428    .text               mf_w.l(dfixul.o)
    0x08004b1a   0x00000002   PAD
    0x08004b1c   0x00000024   Code   RO         1430    .text               mc_w.l(init.o)
    0x08004b40   0x00000020   Code   RO         1356    i.__0printf         mc_w.l(printfa.o)
    0x08004b60   0x00000028   Code   RO         1358    i.__0sprintf        mc_w.l(printfa.o)
    0x08004b88   0x0000000e   Code   RO         1434    i.__scatterload_copy  mc_w.l(handlers.o)
    0x08004b96   0x00000002   Code   RO         1435    i.__scatterload_null  mc_w.l(handlers.o)
    0x08004b98   0x0000000e   Code   RO         1436    i.__scatterload_zeroinit  mc_w.l(handlers.o)
    0x08004ba6   0x00000002   PAD
    0x08004ba8   0x00000164   Code   RO         1363    i._fp_digits        mc_w.l(printfa.o)
    0x08004d0c   0x000006dc   Code   RO         1364    i._printf_core      mc_w.l(printfa.o)
    0x080053e8   0x00000024   Code   RO         1365    i._printf_post_padding  mc_w.l(printfa.o)
    0x0800540c   0x0000002e   Code   RO         1366    i._printf_pre_padding  mc_w.l(printfa.o)
    0x0800543a   0x0000000a   Code   RO         1368    i._sputc            mc_w.l(printfa.o)
    0x08005444   0x000011d0   Data   RO          604    .constdata          lcd.o
    0x08006614   0x00000020   Data   RO         1432    Region$$Table       anon$$obj.o


    Execution Region RW_IRAM1 (Base: 0x20000000, Size: 0x00000540, Max: 0x00005000, ABSOLUTE)

    Base Addr    Size         Type   Attr      Idx    E Section Name        Object

    0x20000000   0x00000014   Data   RW           27    .data               system_stm32f10x.o
    0x20000014   0x00000014   Data   RW          162    .data               stm32f10x_rcc.o
    0x20000028   0x00000006   Data   RW          605    .data               lcd.o
    0x2000002e   0x00000001   Data   RW          775    .data               stm32f10x_it.o
    0x2000002f   0x00000001   PAD
    0x20000030   0x0000002a   Data   RW          939    .data               key.o
    0x2000005a   0x00000006   PAD
    0x20000060   0x00000028   Data   RW         1029    .data               adc.o
    0x20000088   0x00000017   Data   RW         1075    .data               dht11.o
    0x2000009f   0x00000001   PAD
    0x200000a0   0x00000004   Data   RW         1414    .data               mc_w.l(stdout.o)
    0x200000a4   0x00000032   Zero   RW          774    .bss                stm32f10x_it.o
    0x200000d6   0x00000064   Zero   RW          938    .bss                key.o
    0x2000013a   0x00000006   PAD
    0x20000140   0x00000400   Zero   RW            1    STACK               startup_stm32f10x_md.o


==============================================================================

Image component sizes


      Code (inc. data)   RO Data    RW Data    ZI Data      Debug   Object Name

      1036         58          0          0          0       1895   24c02.o
       520         68          0         40          0       1944   adc.o
         0          0          0          0          0       4500   core_cm3.o
       772        130          0         23          0       2190   dht11.o
       664          6          0          0          0       2825   i2c.o
      2336        580          0         42        100       2476   key.o
      2564         78       4560          6          0       8592   lcd.o
       152          8          0          0          0        711   led.o
       112          6          0          0          0     249347   main.o
       220         22          0          0          0       1881   misc.o
        36          8        236          0       1024        916   startup_stm32f10x_md.o
      1102         26          0          0          0      11125   stm32f10x_adc.o
       860         38          0          0          0       5817   stm32f10x_gpio.o
       416        122          0          1         50     212804   stm32f10x_it.o
       932         36          0         20          0       9008   stm32f10x_rcc.o
      3610         88          0          0          0      22928   stm32f10x_tim.o
      1032         22          0          0          0       8540   stm32f10x_usart.o
       480         38          0         20          0     258507   system_stm32f10x.o
       212         16          0          0          0      23084   systick.o
       112          0          0          0          0        515   tim.o
       304         10          0          0          0       1793   usart.o

    ----------------------------------------------------------------------
     17476       1360       4828        160       1180     831398   Object Totals
         0          0         32          0          0          0   (incl. Generated)
         4          0          0          8          6          0   (incl. Padding)

    ----------------------------------------------------------------------

      Code (inc. data)   RO Data    RW Data    ZI Data      Debug   Library Member Name

         0          0          0          0          0          0   entry.o
         0          0          0          0          0          0   entry10a.o
         0          0          0          0          0          0   entry11a.o
         8          4          0          0          0          0   entry2.o
         4          0          0          0          0          0   entry5.o
         0          0          0          0          0          0   entry7b.o
         0          0          0          0          0          0   entry8b.o
         8          4          0          0          0          0   entry9a.o
        30          0          0          0          0          0   handlers.o
        36          8          0          0          0         68   init.o
         0          0          0          0          0          0   iusefp.o
        30          0          0          0          0         68   llshl.o
        36          0          0          0          0         68   llsshr.o
        32          0          0          0          0         68   llushr.o
      2276         96          0          0          0        596   printfa.o
         0          0          0          4          0          0   stdout.o
        30          0          0          0          0         80   strncmp.o
        44          0          0          0          0         80   uidiv.o
        98          0          0          0          0         92   uldiv.o
        48          0          0          0          0         68   cdcmple.o
        48          0          0          0          0         68   cdrcmple.o
       334          0          0          0          0        148   dadd.o
       222          0          0          0          0        100   ddiv.o
       186          0          0          0          0        176   depilogue.o
        50          0          0          0          0         76   dfixui.o
        48          0          0          0          0         68   dfixul.o
        34          0          0          0          0         76   dflti.o
        26          0          0          0          0         76   dfltui.o
       228          0          0          0          0         96   dmul.o

    ----------------------------------------------------------------------
      3860        112          0          4          0       2072   Library Totals
         4          0          0          0          0          0   (incl. Padding)

    ----------------------------------------------------------------------

      Code (inc. data)   RO Data    RW Data    ZI Data      Debug   Library Name

      2632        112          0          4          0       1120   mc_w.l
      1224          0          0          0          0        952   mf_w.l

    ----------------------------------------------------------------------
      3860        112          0          4          0       2072   Library Totals

    ----------------------------------------------------------------------

==============================================================================


      Code (inc. data)   RO Data    RW Data    ZI Data      Debug   

     21336       1472       4828        164       1180     830866   Grand Totals
     21336       1472       4828        164       1180     830866   ELF Image Totals
     21336       1472       4828        164          0          0   ROM Totals

==============================================================================

    Total RO  Size (Code + RO Data)                26164 (  25.55kB)
    Total RW  Size (RW Data + ZI Data)              1344 (   1.31kB)
    Total ROM Size (Code + RO Data + RW Data)      26328 (  25.71kB)

==============================================================================

